Archive member included to satisfy reference by file (symbol)

/home/lgt2621/st/stm32cubeide_1.15.0/plugins/com.st.stm32cube.ide.mcu.externaltools.gnu-tools-for-stm32.12.3.rel1.linux64_1.0.100.202403111256/tools/bin/../lib/gcc/arm-none-eabi/12.3.1/../../../../arm-none-eabi/lib/thumb/v8-m.main+fp/hard/libc_nano.a(libc_a-exit.o)
                              /home/lgt2621/st/stm32cubeide_1.15.0/plugins/com.st.stm32cube.ide.mcu.externaltools.gnu-tools-for-stm32.12.3.rel1.linux64_1.0.100.202403111256/tools/bin/../lib/gcc/arm-none-eabi/12.3.1/../../../../arm-none-eabi/lib/thumb/v8-m.main+fp/hard/crt0.o (exit)
/home/lgt2621/st/stm32cubeide_1.15.0/plugins/com.st.stm32cube.ide.mcu.externaltools.gnu-tools-for-stm32.12.3.rel1.linux64_1.0.100.202403111256/tools/bin/../lib/gcc/arm-none-eabi/12.3.1/../../../../arm-none-eabi/lib/thumb/v8-m.main+fp/hard/libc_nano.a(libc_a-rand.o)
                              ./Core/Src/uECC.o (rand)
/home/lgt2621/st/stm32cubeide_1.15.0/plugins/com.st.stm32cube.ide.mcu.externaltools.gnu-tools-for-stm32.12.3.rel1.linux64_1.0.100.202403111256/tools/bin/../lib/gcc/arm-none-eabi/12.3.1/../../../../arm-none-eabi/lib/thumb/v8-m.main+fp/hard/libc_nano.a(libc_a-findfp.o)
                              /home/lgt2621/st/stm32cubeide_1.15.0/plugins/com.st.stm32cube.ide.mcu.externaltools.gnu-tools-for-stm32.12.3.rel1.linux64_1.0.100.202403111256/tools/bin/../lib/gcc/arm-none-eabi/12.3.1/../../../../arm-none-eabi/lib/thumb/v8-m.main+fp/hard/libc_nano.a(libc_a-exit.o) (__stdio_exit_handler)
/home/lgt2621/st/stm32cubeide_1.15.0/plugins/com.st.stm32cube.ide.mcu.externaltools.gnu-tools-for-stm32.12.3.rel1.linux64_1.0.100.202403111256/tools/bin/../lib/gcc/arm-none-eabi/12.3.1/../../../../arm-none-eabi/lib/thumb/v8-m.main+fp/hard/libc_nano.a(libc_a-fwalk.o)
                              /home/lgt2621/st/stm32cubeide_1.15.0/plugins/com.st.stm32cube.ide.mcu.externaltools.gnu-tools-for-stm32.12.3.rel1.linux64_1.0.100.202403111256/tools/bin/../lib/gcc/arm-none-eabi/12.3.1/../../../../arm-none-eabi/lib/thumb/v8-m.main+fp/hard/libc_nano.a(libc_a-findfp.o) (_fwalk_sglue)
/home/lgt2621/st/stm32cubeide_1.15.0/plugins/com.st.stm32cube.ide.mcu.externaltools.gnu-tools-for-stm32.12.3.rel1.linux64_1.0.100.202403111256/tools/bin/../lib/gcc/arm-none-eabi/12.3.1/../../../../arm-none-eabi/lib/thumb/v8-m.main+fp/hard/libc_nano.a(libc_a-printf.o)
                              ./Core/Src/kremlib.o (printf)
/home/lgt2621/st/stm32cubeide_1.15.0/plugins/com.st.stm32cube.ide.mcu.externaltools.gnu-tools-for-stm32.12.3.rel1.linux64_1.0.100.202403111256/tools/bin/../lib/gcc/arm-none-eabi/12.3.1/../../../../arm-none-eabi/lib/thumb/v8-m.main+fp/hard/libc_nano.a(libc_a-putchar.o)
                              ./Core/Src/kremlib.o (putchar)
/home/lgt2621/st/stm32cubeide_1.15.0/plugins/com.st.stm32cube.ide.mcu.externaltools.gnu-tools-for-stm32.12.3.rel1.linux64_1.0.100.202403111256/tools/bin/../lib/gcc/arm-none-eabi/12.3.1/../../../../arm-none-eabi/lib/thumb/v8-m.main+fp/hard/libc_nano.a(libc_a-stdio.o)
                              /home/lgt2621/st/stm32cubeide_1.15.0/plugins/com.st.stm32cube.ide.mcu.externaltools.gnu-tools-for-stm32.12.3.rel1.linux64_1.0.100.202403111256/tools/bin/../lib/gcc/arm-none-eabi/12.3.1/../../../../arm-none-eabi/lib/thumb/v8-m.main+fp/hard/libc_nano.a(libc_a-findfp.o) (__sread)
/home/lgt2621/st/stm32cubeide_1.15.0/plugins/com.st.stm32cube.ide.mcu.externaltools.gnu-tools-for-stm32.12.3.rel1.linux64_1.0.100.202403111256/tools/bin/../lib/gcc/arm-none-eabi/12.3.1/../../../../arm-none-eabi/lib/thumb/v8-m.main+fp/hard/libc_nano.a(libc_a-memset.o)
                              /home/lgt2621/st/stm32cubeide_1.15.0/plugins/com.st.stm32cube.ide.mcu.externaltools.gnu-tools-for-stm32.12.3.rel1.linux64_1.0.100.202403111256/tools/bin/../lib/gcc/arm-none-eabi/12.3.1/../../../../arm-none-eabi/lib/thumb/v8-m.main+fp/hard/crt0.o (memset)
/home/lgt2621/st/stm32cubeide_1.15.0/plugins/com.st.stm32cube.ide.mcu.externaltools.gnu-tools-for-stm32.12.3.rel1.linux64_1.0.100.202403111256/tools/bin/../lib/gcc/arm-none-eabi/12.3.1/../../../../arm-none-eabi/lib/thumb/v8-m.main+fp/hard/libc_nano.a(libc_a-closer.o)
                              /home/lgt2621/st/stm32cubeide_1.15.0/plugins/com.st.stm32cube.ide.mcu.externaltools.gnu-tools-for-stm32.12.3.rel1.linux64_1.0.100.202403111256/tools/bin/../lib/gcc/arm-none-eabi/12.3.1/../../../../arm-none-eabi/lib/thumb/v8-m.main+fp/hard/libc_nano.a(libc_a-stdio.o) (_close_r)
/home/lgt2621/st/stm32cubeide_1.15.0/plugins/com.st.stm32cube.ide.mcu.externaltools.gnu-tools-for-stm32.12.3.rel1.linux64_1.0.100.202403111256/tools/bin/../lib/gcc/arm-none-eabi/12.3.1/../../../../arm-none-eabi/lib/thumb/v8-m.main+fp/hard/libc_nano.a(libc_a-reent.o)
[...]
Memory Configuration

Name             Origin             Length             Attributes
RAM              0x30000000         0x00018000         xrw
RAM2             0x30030000         0x00010000         xrw
FLASH            0x0c000000         0x0003e000         xr
FLASH_NSC        0x0c03e000         0x00002000         xr
*default*        0x00000000         0xffffffff

Linker script and memory map

LOAD /home/lgt2621/st/stm32cubeide_1.15.0/plugins/com.st.stm32cube.ide.mcu.externaltools.gnu-tools-for-stm32.12.3.rel1.linux64_1.0.100.202403111256/tools/bin/../lib/gcc/arm-none-eabi/12.3.1/thumb/v8-m.main+fp/hard/crti.o
LOAD /home/lgt2621/st/stm32cubeide_1.15.0/plugins/com.st.stm32cube.ide.mcu.externaltools.gnu-tools-for-stm32.12.3.rel1.linux64_1.0.100.202403111256/tools/bin/../lib/gcc/arm-none-eabi/12.3.1/thumb/v8-m.main+fp/hard/crtbegin.o
LOAD /home/lgt2621/st/stm32cubeide_1.15.0/plugins/com.st.stm32cube.ide.mcu.externaltools.gnu-tools-for-stm32.12.3.rel1.linux64_1.0.100.202403111256/tools/bin/../lib/gcc/arm-none-eabi/12.3.1/../../../../arm-none-eabi/lib/thumb/v8-m.main+fp/hard/crt0.o
LOAD ./Core/Src/Hacl_SHA2_256.o
LOAD ./Core/Src/cfa_engine.o
LOAD ./Core/Src/gpio.o
LOAD ./Core/Src/gtzc.o
LOAD ./Core/Src/huffman.o
LOAD ./Core/Src/kremlib.o
LOAD ./Core/Src/main.o
LOAD ./Core/Src/prefix.o
LOAD ./Core/Src/secure_nsc.o
LOAD ./Core/Src/serial_messages.o
LOAD ./Core/Src/speculation.o
LOAD ./Core/Src/stm32l5xx_hal_msp.o
LOAD ./Core/Src/stm32l5xx_it.o
LOAD ./Core/Src/syscalls.o
LOAD ./Core/Src/sysmem.o
LOAD ./Core/Src/system_stm32l5xx_s.o
LOAD ./Core/Src/test_application.o
LOAD ./Core/Src/uECC.o
LOAD ./Core/Src/usart.o
LOAD ./Core/Startup/startup_stm32l552zetxq.o
LOAD ./Drivers/STM32L5xx_HAL_Driver/stm32l5xx_hal.o
LOAD ./Drivers/STM32L5xx_HAL_Driver/stm32l5xx_hal_cortex.o
LOAD ./Drivers/STM32L5xx_HAL_Driver/stm32l5xx_hal_dma.o
LOAD ./Drivers/STM32L5xx_HAL_Driver/stm32l5xx_hal_dma_ex.o
LOAD ./Drivers/STM32L5xx_HAL_Driver/stm32l5xx_hal_exti.o
LOAD ./Drivers/STM32L5xx_HAL_Driver/stm32l5xx_hal_flash.o
LOAD ./Drivers/STM32L5xx_HAL_Driver/stm32l5xx_hal_flash_ex.o
LOAD ./Drivers/STM32L5xx_HAL_Driver/stm32l5xx_hal_flash_ramfunc.o
LOAD ./Drivers/STM32L5xx_HAL_Driver/stm32l5xx_hal_gpio.o
LOAD ./Drivers/STM32L5xx_HAL_Driver/stm32l5xx_hal_gtzc.o
LOAD ./Drivers/STM32L5xx_HAL_Driver/stm32l5xx_hal_i2c.o
LOAD ./Drivers/STM32L5xx_HAL_Driver/stm32l5xx_hal_i2c_ex.o
LOAD ./Drivers/STM32L5xx_HAL_Driver/stm32l5xx_hal_icache.o
LOAD ./Drivers/STM32L5xx_HAL_Driver/stm32l5xx_hal_pwr.o
LOAD ./Drivers/STM32L5xx_HAL_Driver/stm32l5xx_hal_pwr_ex.o
LOAD ./Drivers/STM32L5xx_HAL_Driver/stm32l5xx_hal_rcc.o
LOAD ./Drivers/STM32L5xx_HAL_Driver/stm32l5xx_hal_rcc_ex.o
LOAD ./Drivers/STM32L5xx_HAL_Driver/stm32l5xx_hal_tim.o
LOAD ./Drivers/STM32L5xx_HAL_Driver/stm32l5xx_hal_tim_ex.o
LOAD ./Drivers/STM32L5xx_HAL_Driver/stm32l5xx_hal_uart.o
LOAD ./Drivers/STM32L5xx_HAL_Driver/stm32l5xx_hal_uart_ex.o
START GROUP
LOAD /home/lgt2621/st/stm32cubeide_1.15.0/plugins/com.st.stm32cube.ide.mcu.externaltools.gnu-tools-for-stm32.12.3.rel1.linux64_1.0.100.202403111256/tools/bin/../lib/gcc/arm-none-eabi/12.3.1/../../../../arm-none-eabi/lib/thumb/v8-m.main+fp/hard/libc_nano.a
LOAD /home/lgt2621/st/stm32cubeide_1.15.0/plugins/com.st.stm32cube.ide.mcu.externaltools.gnu-tools-for-stm32.12.3.rel1.linux64_1.0.100.202403111256/tools/bin/../lib/gcc/arm-none-eabi/12.3.1/../../../../arm-none-eabi/lib/thumb/v8-m.main+fp/hard/libm.a
END GROUP
START GROUP
LOAD /home/lgt2621/st/stm32cubeide_1.15.0/plugins/com.st.stm32cube.ide.mcu.externaltools.gnu-tools-for-stm32.12.3.rel1.linux64_1.0.100.202403111256/tools/bin/../lib/gcc/arm-none-eabi/12.3.1/thumb/v8-m.main+fp/hard/libgcc.a
LOAD /home/lgt2621/st/stm32cubeide_1.15.0/plugins/com.st.stm32cube.ide.mcu.externaltools.gnu-tools-for-stm32.12.3.rel1.linux64_1.0.100.202403111256/tools/bin/../lib/gcc/arm-none-eabi/12.3.1/../../../../arm-none-eabi/lib/thumb/v8-m.main+fp/hard/libc_nano.a
END GROUP
START GROUP
LOAD /home/lgt2621/st/stm32cubeide_1.15.0/plugins/com.st.stm32cube.ide.mcu.externaltools.gnu-tools-for-stm32.12.3.rel1.linux64_1.0.100.202403111256/tools/bin/../lib/gcc/arm-none-eabi/12.3.1/thumb/v8-m.main+fp/hard/libgcc.a
LOAD /home/lgt2621/st/stm32cubeide_1.15.0/plugins/com.st.stm32cube.ide.mcu.externaltools.gnu-tools-for-stm32.12.3.rel1.linux64_1.0.100.202403111256/tools/bin/../lib/gcc/arm-none-eabi/12.3.1/../../../../arm-none-eabi/lib/thumb/v8-m.main+fp/hard/libc_nano.a
LOAD /home/lgt2621/st/stm32cubeide_1.15.0/plugins/com.st.stm32cube.ide.mcu.externaltools.gnu-tools-for-stm32.12.3.rel1.linux64_1.0.100.202403111256/tools/bin/../lib/gcc/arm-none-eabi/12.3.1/../../../../arm-none-eabi/lib/thumb/v8-m.main+fp/hard/libnosys.a
END GROUP
START GROUP
LOAD /home/lgt2621/st/stm32cubeide_1.15.0/plugins/com.st.stm32cube.ide.mcu.externaltools.gnu-tools-for-stm32.12.3.rel1.linux64_1.0.100.202403111256/tools/bin/../lib/gcc/arm-none-eabi/12.3.1/thumb/v8-m.main+fp/hard/libgcc.a
LOAD /home/lgt2621/st/stm32cubeide_1.15.0/plugins/com.st.stm32cube.ide.mcu.externaltools.gnu-tools-for-stm32.12.3.rel1.linux64_1.0.100.202403111256/tools/bin/../lib/gcc/arm-none-eabi/12.3.1/../../../../arm-none-eabi/lib/thumb/v8-m.main+fp/hard/libc_nano.a
LOAD /home/lgt2621/st/stm32cubeide_1.15.0/plugins/com.st.stm32cube.ide.mcu.externaltools.gnu-tools-for-stm32.12.3.rel1.linux64_1.0.100.202403111256/tools/bin/../lib/gcc/arm-none-eabi/12.3.1/../../../../arm-none-eabi/lib/thumb/v8-m.main+fp/hard/libnosys.a
END GROUP
LOAD /home/lgt2621/st/stm32cubeide_1.15.0/plugins/com.st.stm32cube.ide.mcu.externaltools.gnu-tools-for-stm32.12.3.rel1.linux64_1.0.100.202403111256/tools/bin/../lib/gcc/arm-none-eabi/12.3.1/thumb/v8-m.main+fp/hard/crtend.o
LOAD /home/lgt2621/st/stm32cubeide_1.15.0/plugins/com.st.stm32cube.ide.mcu.externaltools.gnu-tools-for-stm32.12.3.rel1.linux64_1.0.100.202403111256/tools/bin/../lib/gcc/arm-none-eabi/12.3.1/thumb/v8-m.main+fp/hard/crtn.o
                0x30018000                        _estack = (ORIGIN (RAM) + LENGTH (RAM))
                0x00000200                        _Min_Heap_Size = 0x200
                0x00000400                        _Min_Stack_Size = 0x400

.isr_vector     0x0c000000      0x1f4
                0x0c000000                        . = ALIGN (0x4)
 *(.isr_vector)
 .isr_vector    0x0c000000      0x1f4 ./Core/Startup/startup_stm32l552zetxq.o
                0x0c000000                g_pfnVectors
                0x0c0001f4                        . = ALIGN (0x4)

.text           0x0c000200     0x9c10
                0x0c000200                        . = ALIGN (0x4)
 *(.text)
 .text          0x0c000200       0x40 /home/lgt2621/st/stm32cubeide_1.15.0/plugins/com.st.stm32cube.ide.mcu.externaltools.gnu-tools-for-stm32.12.3.rel1.linux64_1.0.100.202403111256/tools/bin/../lib/gcc/arm-none-eabi/12.3.1/thumb/v8-m.main+fp/hard/crtbegin.o
 .text          0x0c000240       0x14 /home/lgt2621/st/stm32cubeide_1.15.0/plugins/com.st.stm32cube.ide.mcu.externaltools.gnu-tools-for-stm32.12.3.rel1.linux64_1.0.100.202403111256/tools/bin/../lib/gcc/arm-none-eabi/12.3.1/../../../../arm-none-eabi/lib/thumb/v8-m.main+fp/hard/libc_nano.a(libc_a-strcmp.o)
                0x0c000240                strcmp
 .text          0x0c000254       0x5c /home/lgt2621/st/stm32cubeide_1.15.0/plugins/com.st.stm32cube.ide.mcu.externaltools.gnu-tools-for-stm32.12.3.rel1.linux64_1.0.100.202403111256/tools/bin/../lib/gcc/arm-none-eabi/12.3.1/thumb/v8-m.main+fp/hard/libgcc.a(cmse_nonsecure_call.o)
                0x0c000254                __gnu_cmse_nonsecure_call
 .text          0x0c0002b0       0x30 /home/lgt2621/st/stm32cubeide_1.15.0/plugins/com.st.stm32cube.ide.mcu.externaltools.gnu-tools-for-stm32.12.3.rel1.linux64_1.0.100.202403111256/tools/bin/../lib/gcc/arm-none-eabi/12.3.1/thumb/v8-m.main+fp/hard/libgcc.a(_aeabi_uldivmod.o)
                0x0c0002b0                __aeabi_uldivmod
 .text          0x0c0002e0      0x2e4 /home/lgt2621/st/stm32cubeide_1.15.0/plugins/com.st.stm32cube.ide.mcu.externaltools.gnu-tools-for-stm32.12.3.rel1.linux64_1.0.100.202403111256/tools/bin/../lib/gcc/arm-none-eabi/12.3.1/thumb/v8-m.main+fp/hard/libgcc.a(_udivmoddi4.o)
                0x0c0002e0                __udivmoddi4
 .text          0x0c0005c4        0x4 /home/lgt2621/st/stm32cubeide_1.15.0/plugins/com.st.stm32cube.ide.mcu.externaltools.gnu-tools-for-stm32.12.3.rel1.linux64_1.0.100.202403111256/tools/bin/../lib/gcc/arm-none-eabi/12.3.1/thumb/v8-m.main+fp/hard/libgcc.a(_dvmd_tls.o)
                0x0c0005c4                __aeabi_ldiv0
                0x0c0005c4                __aeabi_idiv0
 *(.text*)
 .text.load32   0x0c0005c8       0x1c ./Core/Src/Hacl_SHA2_256.o
 .text.store32  0x0c0005e4       0x1c ./Core/Src/Hacl_SHA2_256.o
 .text.store64  0x0c000600       0x22 ./Core/Src/Hacl_SHA2_256.o
 .text.Hacl_Hash_Lib_LoadStore_uint32s_from_be_bytes
                0x0c000622       0x68 ./Core/Src/Hacl_SHA2_256.o
 .text.Hacl_Hash_Lib_LoadStore_uint32s_to_be_bytes
                0x0c00068a       0x6a ./Core/Src/Hacl_SHA2_256.o
 .text.Hacl_Impl_SHA2_256_init
                0x0c0006f4      0x408 ./Core/Src/Hacl_SHA2_256.o
 .text.Hacl_Impl_SHA2_256_update
                0x0c000afc      0x356 ./Core/Src/Hacl_SHA2_256.o
 .text.Hacl_Impl_SHA2_256_update_multi
                0x0c000e52       0x3c ./Core/Src/Hacl_SHA2_256.o
 .text.Hacl_Impl_SHA2_256_update_last
                0x0c000e8e      0x1b6 ./Core/Src/Hacl_SHA2_256.o
 .text.Hacl_Impl_SHA2_256_finish
                0x0c001044       0x24 ./Core/Src/Hacl_SHA2_256.o
 .text.Hacl_Impl_SHA2_256_hash
                0x0c001068       0xce ./Core/Src/Hacl_SHA2_256.o
 .text.Hacl_SHA2_256_hash
                0x0c001136       0x1e ./Core/Src/Hacl_SHA2_256.o
                0x0c001136                Hacl_SHA2_256_hash
 .text._setup_data
                0x0c001154       0x50 ./Core/Src/cfa_engine.o
                0x0c001154                _setup_data
 .text._update_challenge
                0x0c0011a4       0x68 ./Core/Src/cfa_engine.o
                0x0c0011a4                _update_challenge
 .text._clean   0x0c00120c       0x6c ./Core/Src/cfa_engine.o
                0x0c00120c                _clean
 .text._run_application
                0x0c001278       0x6c ./Core/Src/cfa_engine.o
                0x0c001278                _run_application
 .text.record_output_data
                0x0c0012e4       0x2c ./Core/Src/cfa_engine.o
                0x0c0012e4                record_output_data
 .text.CFA_ENGINE_start
                0x0c001310       0x18 ./Core/Src/cfa_engine.o
                0x0c001310                CFA_ENGINE_start
 .text.CFA_ENGINE_register_callback
                0x0c001328       0x20 ./Core/Src/cfa_engine.o
                0x0c001328                CFA_ENGINE_register_callback
 .text.STATE_initialize_attestation
                0x0c001348       0x6c ./Core/Src/cfa_engine.o
                0x0c001348                STATE_initialize_attestation
 .text.STATE_accept_report
                0x0c0013b4       0x24 ./Core/Src/cfa_engine.o
                0x0c0013b4                STATE_accept_report
 .text.STATE_heal
                0x0c0013d8       0x28 ./Core/Src/cfa_engine.o
                0x0c0013d8                STATE_heal
 .text.STATE_continue
                0x0c001400       0x18 ./Core/Src/cfa_engine.o
                0x0c001400                STATE_continue
 .text.translate_command
                0x0c001418       0x74 ./Core/Src/cfa_engine.o
                0x0c001418                translate_command
 .text.wait_for_command
                0x0c00148c       0x56 ./Core/Src/cfa_engine.o
                0x0c00148c                wait_for_command
 *fill*         0x0c0014e2        0x2 
 .text._read_serial_loop
                0x0c0014e4       0xcc ./Core/Src/cfa_engine.o
                0x0c0014e4                _read_serial_loop
 .text._receive_challenge
                0x0c0015b0       0xb8 ./Core/Src/cfa_engine.o
                0x0c0015b0                _receive_challenge
 .text._receive_request
                0x0c001668       0x1e ./Core/Src/cfa_engine.o
                0x0c001668                _receive_request
 *fill*         0x0c001686        0x2 
 .text._send_report_message
                0x0c001688       0x98 ./Core/Src/cfa_engine.o
                0x0c001688                _send_report_message
 .text._send_report
                0x0c001720       0xc0 ./Core/Src/cfa_engine.o
                0x0c001720                _send_report
 .text._attest_memory
                0x0c0017e0       0x4c ./Core/Src/cfa_engine.o
                0x0c0017e0                _attest_memory
 .text._sign_report
                0x0c00182c       0x9c ./Core/Src/cfa_engine.o
                0x0c00182c                _sign_report
 .text.CFA_ENGINE_new_log_entry
                0x0c0018c8      0x19c ./Core/Src/cfa_engine.o
                0x0c0018c8                CFA_ENGINE_new_log_entry
 .text.CFA_ENGINE_run_attestation
                0x0c001a64       0x74 ./Core/Src/cfa_engine.o
                0x0c001a64                CFA_ENGINE_run_attestation
 .text.CFA_ENGINE_initialize
                0x0c001ad8       0x30 ./Core/Src/cfa_engine.o
                0x0c001ad8                CFA_ENGINE_initialize
 .text._heal_function
                0x0c001b08        0x8 ./Core/Src/cfa_engine.o
                0x0c001b08                _heal_function
 .text.MX_GPIO_Init
                0x0c001b10       0x30 ./Core/Src/gpio.o
                0x0c001b10                MX_GPIO_Init
 .text.MX_GTZC_S_Init
                0x0c001b40      0x13c ./Core/Src/gtzc.o
                0x0c001b40                MX_GTZC_S_Init
 .text.huffman_start
                0x0c001c7c       0x18 ./Core/Src/huffman.o
                0x0c001c7c                huffman_start
 .text.huffman  0x0c001c94      0x268 ./Core/Src/huffman.o
                0x0c001c94                huffman
 .text.main     0x0c001efc       0x68 ./Core/Src/main.o
                0x0c001efc                main
 .text.MPU_init
                0x0c001f64       0x60 ./Core/Src/main.o
                0x0c001f64                MPU_init
 .text.FPU_Init
                0x0c001fc4       0x30 ./Core/Src/main.o
                0x0c001fc4                FPU_Init
 .text.NonSecure_Init
                0x0c001ff4       0x88 ./Core/Src/main.o
 .text.SystemClock_Config
                0x0c00207c       0xa0 ./Core/Src/main.o
                0x0c00207c                SystemClock_Config
 .text.Error_Handler
                0x0c00211c        0xc ./Core/Src/main.o
                0x0c00211c                Error_Handler
 .text.prefix_reset
                0x0c002128       0x48 ./Core/Src/prefix.o
                0x0c002128                prefix_reset
 .text.prefix_handler
                0x0c002170       0xa4 ./Core/Src/prefix.o
                0x0c002170                prefix_handler
 .text.SECURE_RegisterCallback
                0x0c002214       0xc4 ./Core/Src/secure_nsc.o
                0x0c002214                __acle_se_SECURE_RegisterCallback
 .text.SECURE_RunCallback
                0x0c0022d8       0x7c ./Core/Src/secure_nsc.o
                0x0c0022d8                __acle_se_SECURE_RunCallback
 .text.SECURE_Initialize_CFA_engine
                0x0c002354       0x78 ./Core/Src/secure_nsc.o
                0x0c002354                __acle_se_SECURE_Initialize_CFA_engine
 .text.SECURE_Initialize_Attestation
                0x0c0023cc       0x78 ./Core/Src/secure_nsc.o
                0x0c0023cc                __acle_se_SECURE_Initialize_Attestation
 .text.SECURE_log_ret
                0x0c002444       0x98 ./Core/Src/secure_nsc.o
                0x0c002444                __acle_se_SECURE_log_ret
 .text.SECURE_log_call
                0x0c0024dc       0x92 ./Core/Src/secure_nsc.o
                0x0c0024dc                __acle_se_SECURE_log_call
 .text.SECURE_log_cond_br
                0x0c00256e       0x9a ./Core/Src/secure_nsc.o
                0x0c00256e                __acle_se_SECURE_log_cond_br
 .text.SECURE_run_attestation_wait_mode
                0x0c002608       0x78 ./Core/Src/secure_nsc.o
                0x0c002608                __acle_se_SECURE_run_attestation_wait_mode
 .text.SECURE_record_output_data
                0x0c002680       0x80 ./Core/Src/secure_nsc.o
                0x0c002680                __acle_se_SECURE_record_output_data
 .text.init_spec
                0x0c002700        0xc ./Core/Src/speculation.o
                0x0c002700                init_spec
 .text.SPECCFA_reset
                0x0c00270c       0x90 ./Core/Src/speculation.o
                0x0c00270c                SPECCFA_reset
 .text.SPECCFA_process_log_entry
                0x0c00279c      0x15c ./Core/Src/speculation.o
                0x0c00279c                SPECCFA_process_log_entry
 .text.SPECCFA_speculate
                0x0c0028f8      0x214 ./Core/Src/speculation.o
                0x0c0028f8                SPECCFA_speculate
 .text.SPECCFA_detect_path
                0x0c002b0c      0x16c ./Core/Src/speculation.o
                0x0c002b0c                SPECCFA_detect_path
 .text.SPECCFA_detect_paths
                0x0c002c78       0x50 ./Core/Src/speculation.o
                0x0c002c78                SPECCFA_detect_paths
 .text.HAL_MspInit
                0x0c002cc8       0xd0 ./Core/Src/stm32l5xx_hal_msp.o
                0x0c002cc8                HAL_MspInit
 .text.NMI_Handler
                0x0c002d98        0x8 ./Core/Src/stm32l5xx_it.o
                0x0c002d98                NMI_Handler
 .text.HardFault_Handler
                0x0c002da0        0x8 ./Core/Src/stm32l5xx_it.o
                0x0c002da0                HardFault_Handler
 .text.MemManage_Handler
                0x0c002da8        0x8 ./Core/Src/stm32l5xx_it.o
                0x0c002da8                MemManage_Handler
 .text.BusFault_Handler
                0x0c002db0        0x8 ./Core/Src/stm32l5xx_it.o
                0x0c002db0                BusFault_Handler
 .text.UsageFault_Handler
                0x0c002db8        0x8 ./Core/Src/stm32l5xx_it.o
                0x0c002db8                UsageFault_Handler
 .text.SecureFault_Handler
                0x0c002dc0        0x8 ./Core/Src/stm32l5xx_it.o
                0x0c002dc0                SecureFault_Handler
 .text.SVC_Handler
                0x0c002dc8        0xe ./Core/Src/stm32l5xx_it.o
                0x0c002dc8                SVC_Handler
 .text.DebugMon_Handler
                0x0c002dd6        0xe ./Core/Src/stm32l5xx_it.o
                0x0c002dd6                DebugMon_Handler
 .text.PendSV_Handler
                0x0c002de4        0xe ./Core/Src/stm32l5xx_it.o
                0x0c002de4                PendSV_Handler
 .text.SysTick_Handler
                0x0c002df2        0xc ./Core/Src/stm32l5xx_it.o
                0x0c002df2                SysTick_Handler
 .text.GTZC_IRQHandler
                0x0c002dfe        0xc ./Core/Src/stm32l5xx_it.o
                0x0c002dfe                GTZC_IRQHandler
 .text._getpid  0x0c002e0a       0x10 ./Core/Src/syscalls.o
                0x0c002e0a                _getpid
 .text._kill    0x0c002e1a       0x20 ./Core/Src/syscalls.o
                0x0c002e1a                _kill
 .text._exit    0x0c002e3a       0x16 ./Core/Src/syscalls.o
                0x0c002e3a                _exit
 .text._read    0x0c002e50       0x3a ./Core/Src/syscalls.o
                0x0c002e50                _read
 .text._write   0x0c002e8a       0x38 ./Core/Src/syscalls.o
                0x0c002e8a                _write
 .text._close   0x0c002ec2       0x18 ./Core/Src/syscalls.o
                0x0c002ec2                _close
 .text._fstat   0x0c002eda       0x20 ./Core/Src/syscalls.o
                0x0c002eda                _fstat
 .text._isatty  0x0c002efa       0x16 ./Core/Src/syscalls.o
                0x0c002efa                _isatty
 .text._lseek   0x0c002f10       0x1a ./Core/Src/syscalls.o
                0x0c002f10                _lseek
 *fill*         0x0c002f2a        0x2 
 .text._sbrk    0x0c002f2c       0x6c ./Core/Src/sysmem.o
                0x0c002f2c                _sbrk
 .text.TZ_SAU_Setup
                0x0c002f98       0xfc ./Core/Src/system_stm32l5xx_s.o
 .text.SystemInit
                0x0c003094       0x34 ./Core/Src/system_stm32l5xx_s.o
                0x0c003094                SystemInit
 .text.SystemCoreClockUpdate
                0x0c0030c8      0x158 ./Core/Src/system_stm32l5xx_s.o
                0x0c0030c8                SystemCoreClockUpdate
 .text.SECURE_SystemCoreClockUpdate
                0x0c003220       0x80 ./Core/Src/system_stm32l5xx_s.o
                0x0c003220                __acle_se_SECURE_SystemCoreClockUpdate
 .text.default_RNG
                0x0c0032a0       0x38 ./Core/Src/uECC.o
 *fill*         0x0c0032d8        0x8 
 .text.uECC_vli_add
                0x0c0032e0       0x90 ./Core/Src/uECC.o
 .text.uECC_vli_sub
                0x0c003370       0x9c ./Core/Src/uECC.o
 .text.uECC_vli_mult
                0x0c00340c       0xa2 ./Core/Src/uECC.o
 .text.uECC_vli_clear
                0x0c0034ae       0x42 ./Core/Src/uECC.o
 .text.uECC_vli_isZero
                0x0c0034f0       0x54 ./Core/Src/uECC.o
 .text.uECC_vli_testBit
                0x0c003544       0x36 ./Core/Src/uECC.o
 .text.vli_numDigits
                0x0c00357a       0x4a ./Core/Src/uECC.o
 .text.uECC_vli_numBits
                0x0c0035c4       0x74 ./Core/Src/uECC.o
 .text.uECC_vli_set
                0x0c003638       0x4e ./Core/Src/uECC.o
 .text.uECC_vli_cmp_unsafe
                0x0c003686       0x78 ./Core/Src/uECC.o
 .text.uECC_vli_equal
                0x0c0036fe       0x64 ./Core/Src/uECC.o
 .text.uECC_vli_cmp
                0x0c003762       0x62 ./Core/Src/uECC.o
 .text.uECC_vli_rshift1
                0x0c0037c4       0x54 ./Core/Src/uECC.o
 .text.uECC_vli_modAdd
                0x0c003818       0x4e ./Core/Src/uECC.o
 .text.uECC_vli_modSub
                0x0c003866       0x3a ./Core/Src/uECC.o
 .text.uECC_vli_mmod
                0x0c0038a0      0x278 ./Core/Src/uECC.o
 .text.uECC_vli_modMult
                0x0c003b18       0x36 ./Core/Src/uECC.o
 .text.uECC_vli_modMult_fast
                0x0c003b4e       0x38 ./Core/Src/uECC.o
 .text.uECC_vli_modSquare_fast
                0x0c003b86       0x20 ./Core/Src/uECC.o
 .text.vli_modInv_update
                0x0c003ba6       0x70 ./Core/Src/uECC.o
 .text.uECC_vli_modInv
                0x0c003c16      0x1f2 ./Core/Src/uECC.o
 .text.double_jacobian_default
                0x0c003e08      0x1fe ./Core/Src/uECC.o
 .text.x_side_default
                0x0c004006       0x76 ./Core/Src/uECC.o
 .text.mod_sqrt_default
                0x0c00407c       0xca ./Core/Src/uECC.o
 *fill*         0x0c004146        0x2 
 .text.uECC_secp256r1
                0x0c004148       0x14 ./Core/Src/uECC.o
                0x0c004148                uECC_secp256r1
 .text.vli_mmod_fast_secp256r1
                0x0c00415c      0x29c ./Core/Src/uECC.o
 .text.apply_z  0x0c0043f8       0x50 ./Core/Src/uECC.o
 .text.XYcZ_initial_double
                0x0c004448       0x94 ./Core/Src/uECC.o
 .text.XYcZ_add
                0x0c0044dc      0x126 ./Core/Src/uECC.o
 .text.XYcZ_addC
                0x0c004602      0x1d4 ./Core/Src/uECC.o
 .text.EccPoint_mult
                0x0c0047d6      0x2c2 ./Core/Src/uECC.o
 .text.regularize_k
                0x0c004a98       0x82 ./Core/Src/uECC.o
 *fill*         0x0c004b1a        0x2 
 .text.uECC_generate_random_int
                0x0c004b1c       0xd4 ./Core/Src/uECC.o
 .text.uECC_vli_nativeToBytes
                0x0c004bf0       0x5a ./Core/Src/uECC.o
 .text.uECC_vli_bytesToNative
                0x0c004c4a       0x78 ./Core/Src/uECC.o
 .text.bits2int
                0x0c004cc2       0xe2 ./Core/Src/uECC.o
 .text.uECC_sign_with_k_internal
                0x0c004da4      0x2d8 ./Core/Src/uECC.o
 .text.uECC_sign
                0x0c00507c       0x78 ./Core/Src/uECC.o
                0x0c00507c                uECC_sign
 .text.smax     0x0c0050f4       0x2c ./Core/Src/uECC.o
 .text.uECC_verify
                0x0c005120      0x598 ./Core/Src/uECC.o
                0x0c005120                uECC_verify
 .text.MX_LPUART1_UART_Init
                0x0c0056b8       0x98 ./Core/Src/usart.o
                0x0c0056b8                MX_LPUART1_UART_Init
 .text.HAL_UART_MspInit
                0x0c005750       0xc0 ./Core/Src/usart.o
                0x0c005750                HAL_UART_MspInit
 .text.SecureUartTx
                0x0c005810       0x28 ./Core/Src/usart.o
                0x0c005810                SecureUartTx
 .text.SecureUartRx
                0x0c005838       0x28 ./Core/Src/usart.o
                0x0c005838                SecureUartRx
 .text.Reset_Handler
                0x0c005860       0x50 ./Core/Startup/startup_stm32l552zetxq.o
                0x0c005860                Reset_Handler
 .text.Default_Handler
                0x0c0058b0        0x2 ./Core/Startup/startup_stm32l552zetxq.o
                0x0c0058b0                EXTI2_IRQHandler
                0x0c0058b0                TIM8_TRG_COM_IRQHandler
                0x0c0058b0                TIM8_CC_IRQHandler
                0x0c0058b0                EXTI5_IRQHandler
                0x0c0058b0                FLASH_S_IRQHandler
                0x0c0058b0                EXTI13_IRQHandler
                0x0c0058b0                TIM1_CC_IRQHandler
                0x0c0058b0                TSC_IRQHandler
                0x0c0058b0                TAMP_IRQHandler
                0x0c0058b0                TIM6_IRQHandler
                0x0c0058b0                EXTI12_IRQHandler
                0x0c0058b0                DMA2_Channel8_IRQHandler
                0x0c0058b0                EXTI3_IRQHandler
                0x0c0058b0                EXTI8_IRQHandler
                0x0c0058b0                LPTIM2_IRQHandler
                0x0c0058b0                DFSDM1_FLT1_IRQHandler
                0x0c0058b0                USB_FS_IRQHandler
                0x0c0058b0                I2C3_ER_IRQHandler
                0x0c0058b0                DFSDM1_FLT2_IRQHandler
                0x0c0058b0                DMAMUX1_IRQHandler
                0x0c0058b0                LPTIM3_IRQHandler
                0x0c0058b0                EXTI0_IRQHandler
                0x0c0058b0                I2C2_EV_IRQHandler
                0x0c0058b0                FPU_IRQHandler
                0x0c0058b0                FDCAN1_IT1_IRQHandler
                0x0c0058b0                ADC1_2_IRQHandler
                0x0c0058b0                SPI1_IRQHandler
                0x0c0058b0                OCTOSPI1_IRQHandler
                0x0c0058b0                TIM8_UP_IRQHandler
                0x0c0058b0                RCC_S_IRQHandler
                0x0c0058b0                DMA2_Channel2_IRQHandler
                0x0c0058b0                DMA1_Channel4_IRQHandler
                0x0c0058b0                SAI2_IRQHandler
                0x0c0058b0                DFSDM1_FLT3_IRQHandler
                0x0c0058b0                EXTI15_IRQHandler
                0x0c0058b0                TIM17_IRQHandler
                0x0c0058b0                USART3_IRQHandler
                0x0c0058b0                RTC_IRQHandler
                0x0c0058b0                EXTI9_IRQHandler
                0x0c0058b0                DMA1_Channel7_IRQHandler
                0x0c0058b0                UART5_IRQHandler
                0x0c0058b0                TIM4_IRQHandler
                0x0c0058b0                DMA2_Channel1_IRQHandler
                0x0c0058b0                I2C1_EV_IRQHandler
                0x0c0058b0                DMA1_Channel6_IRQHandler
                0x0c0058b0                TIM16_IRQHandler
                0x0c0058b0                UART4_IRQHandler
                0x0c0058b0                DMA2_Channel4_IRQHandler
                0x0c0058b0                TIM3_IRQHandler
                0x0c0058b0                RCC_IRQHandler
                0x0c0058b0                TIM1_TRG_COM_IRQHandler
                0x0c0058b0                DMA1_Channel1_IRQHandler
                0x0c0058b0                Default_Handler
                0x0c0058b0                DMA2_Channel7_IRQHandler
                0x0c0058b0                DMA1_Channel8_IRQHandler
                0x0c0058b0                TIM7_IRQHandler
                0x0c0058b0                SDMMC1_IRQHandler
                0x0c0058b0                TIM5_IRQHandler
                0x0c0058b0                UCPD1_IRQHandler
                0x0c0058b0                TIM15_IRQHandler
                0x0c0058b0                I2C3_EV_IRQHandler
                0x0c0058b0                PVD_PVM_IRQHandler
                0x0c0058b0                SPI2_IRQHandler
                0x0c0058b0                EXTI14_IRQHandler
                0x0c0058b0                EXTI11_IRQHandler
                0x0c0058b0                DMA2_Channel5_IRQHandler
                0x0c0058b0                CRS_IRQHandler
                0x0c0058b0                DMA1_Channel5_IRQHandler
                0x0c0058b0                EXTI4_IRQHandler
                0x0c0058b0                RTC_S_IRQHandler
                0x0c0058b0                RNG_IRQHandler
                0x0c0058b0                DMAMUX1_S_IRQHandler
                0x0c0058b0                DMA1_Channel3_IRQHandler
                0x0c0058b0                COMP_IRQHandler
                0x0c0058b0                TIM1_UP_IRQHandler
                0x0c0058b0                WWDG_IRQHandler
                0x0c0058b0                I2C4_EV_IRQHandler
                0x0c0058b0                LPUART1_IRQHandler
                0x0c0058b0                DMA2_Channel6_IRQHandler
                0x0c0058b0                FDCAN1_IT0_IRQHandler
                0x0c0058b0                TIM2_IRQHandler
                0x0c0058b0                TAMP_S_IRQHandler
                0x0c0058b0                EXTI7_IRQHandler
                0x0c0058b0                TIM1_BRK_IRQHandler
                0x0c0058b0                DAC_IRQHandler
                0x0c0058b0                EXTI1_IRQHandler
                0x0c0058b0                USART2_IRQHandler
                0x0c0058b0                DFSDM1_FLT0_IRQHandler
                0x0c0058b0                I2C2_ER_IRQHandler
                0x0c0058b0                DMA1_Channel2_IRQHandler
                0x0c0058b0                TIM8_BRK_IRQHandler
                0x0c0058b0                FLASH_IRQHandler
                0x0c0058b0                USART1_IRQHandler
                0x0c0058b0                EXTI10_IRQHandler
                0x0c0058b0                SPI3_IRQHandler
                0x0c0058b0                I2C1_ER_IRQHandler
                0x0c0058b0                FMC_IRQHandler
                0x0c0058b0                EXTI6_IRQHandler
                0x0c0058b0                LPTIM1_IRQHandler
                0x0c0058b0                I2C4_ER_IRQHandler
                0x0c0058b0                ICACHE_IRQHandler
                0x0c0058b0                SAI1_IRQHandler
                0x0c0058b0                HASH_IRQHandler
                0x0c0058b0                DMA2_Channel3_IRQHandler
 .text.HAL_Init
                0x0c0058b2       0x34 ./Drivers/STM32L5xx_HAL_Driver/stm32l5xx_hal.o
                0x0c0058b2                HAL_Init
 *fill*         0x0c0058e6        0x2 
 .text.HAL_InitTick
                0x0c0058e8       0x78 ./Drivers/STM32L5xx_HAL_Driver/stm32l5xx_hal.o
                0x0c0058e8                HAL_InitTick
 .text.HAL_IncTick
                0x0c005960       0x28 ./Drivers/STM32L5xx_HAL_Driver/stm32l5xx_hal.o
                0x0c005960                HAL_IncTick
 .text.HAL_GetTick
                0x0c005988       0x18 ./Drivers/STM32L5xx_HAL_Driver/stm32l5xx_hal.o
                0x0c005988                HAL_GetTick
 .text.__NVIC_SetPriorityGrouping
                0x0c0059a0       0x48 ./Drivers/STM32L5xx_HAL_Driver/stm32l5xx_hal_cortex.o
 .text.__NVIC_GetPriorityGrouping
                0x0c0059e8       0x1c ./Drivers/STM32L5xx_HAL_Driver/stm32l5xx_hal_cortex.o
 .text.__NVIC_EnableIRQ
                0x0c005a04       0x3c ./Drivers/STM32L5xx_HAL_Driver/stm32l5xx_hal_cortex.o
 .text.__NVIC_SetPriority
                0x0c005a40       0x54 ./Drivers/STM32L5xx_HAL_Driver/stm32l5xx_hal_cortex.o
 .text.NVIC_EncodePriority
                0x0c005a94       0x66 ./Drivers/STM32L5xx_HAL_Driver/stm32l5xx_hal_cortex.o
 *fill*         0x0c005afa        0x2 
 .text.SysTick_Config
                0x0c005afc       0x44 ./Drivers/STM32L5xx_HAL_Driver/stm32l5xx_hal_cortex.o
 .text.HAL_NVIC_SetPriorityGrouping
                0x0c005b40       0x16 ./Drivers/STM32L5xx_HAL_Driver/stm32l5xx_hal_cortex.o
                0x0c005b40                HAL_NVIC_SetPriorityGrouping
 .text.HAL_NVIC_SetPriority
                0x0c005b56       0x34 ./Drivers/STM32L5xx_HAL_Driver/stm32l5xx_hal_cortex.o
                0x0c005b56                HAL_NVIC_SetPriority
 .text.HAL_NVIC_EnableIRQ
                0x0c005b8a       0x1c ./Drivers/STM32L5xx_HAL_Driver/stm32l5xx_hal_cortex.o
                0x0c005b8a                HAL_NVIC_EnableIRQ
 .text.HAL_SYSTICK_Config
                0x0c005ba6       0x18 ./Drivers/STM32L5xx_HAL_Driver/stm32l5xx_hal_cortex.o
                0x0c005ba6                HAL_SYSTICK_Config
 *fill*         0x0c005bbe        0x2 
 .text.HAL_MPU_Enable
                0x0c005bc0       0x40 ./Drivers/STM32L5xx_HAL_Driver/stm32l5xx_hal_cortex.o
                0x0c005bc0                HAL_MPU_Enable
 .text.HAL_MPU_Disable
                0x0c005c00       0x24 ./Drivers/STM32L5xx_HAL_Driver/stm32l5xx_hal_cortex.o
                0x0c005c00                HAL_MPU_Disable
 .text.HAL_MPU_ConfigRegion
                0x0c005c24       0x1c ./Drivers/STM32L5xx_HAL_Driver/stm32l5xx_hal_cortex.o
                0x0c005c24                HAL_MPU_ConfigRegion
 .text.MPU_ConfigRegion
                0x0c005c40       0x78 ./Drivers/STM32L5xx_HAL_Driver/stm32l5xx_hal_cortex.o
 .text.HAL_GPIO_Init
                0x0c005cb8      0x300 ./Drivers/STM32L5xx_HAL_Driver/stm32l5xx_hal_gpio.o
                0x0c005cb8                HAL_GPIO_Init
 .text.HAL_GTZC_TZSC_ConfigPeriphAttributes
                0x0c005fb8      0x1b0 ./Drivers/STM32L5xx_HAL_Driver/stm32l5xx_hal_gtzc.o
                0x0c005fb8                HAL_GTZC_TZSC_ConfigPeriphAttributes
 .text.HAL_GTZC_MPCBB_ConfigMem
                0x0c006168      0x108 ./Drivers/STM32L5xx_HAL_Driver/stm32l5xx_hal_gtzc.o
                0x0c006168                HAL_GTZC_MPCBB_ConfigMem
 .text.HAL_GTZC_TZIC_EnableIT
                0x0c006270       0x94 ./Drivers/STM32L5xx_HAL_Driver/stm32l5xx_hal_gtzc.o
                0x0c006270                HAL_GTZC_TZIC_EnableIT
 .text.HAL_GTZC_IRQHandler
                0x0c006304      0x108 ./Drivers/STM32L5xx_HAL_Driver/stm32l5xx_hal_gtzc.o
                0x0c006304                HAL_GTZC_IRQHandler
 .text.HAL_GTZC_TZIC_Callback
                0x0c00640c       0x14 ./Drivers/STM32L5xx_HAL_Driver/stm32l5xx_hal_gtzc.o
                0x0c00640c                HAL_GTZC_TZIC_Callback
 .text.HAL_PWR_ConfigAttributes
                0x0c006420       0x8c ./Drivers/STM32L5xx_HAL_Driver/stm32l5xx_hal_pwr.o
                0x0c006420                HAL_PWR_ConfigAttributes
 .text.HAL_PWREx_GetVoltageRange
                0x0c0064ac       0x1c ./Drivers/STM32L5xx_HAL_Driver/stm32l5xx_hal_pwr_ex.o
                0x0c0064ac                HAL_PWREx_GetVoltageRange
 .text.HAL_PWREx_ControlVoltageScaling
                0x0c0064c8       0xb8 ./Drivers/STM32L5xx_HAL_Driver/stm32l5xx_hal_pwr_ex.o
                0x0c0064c8                HAL_PWREx_ControlVoltageScaling
 .text.HAL_PWREx_EnableVddIO2
                0x0c006580       0x20 ./Drivers/STM32L5xx_HAL_Driver/stm32l5xx_hal_pwr_ex.o
                0x0c006580                HAL_PWREx_EnableVddIO2
 .text.HAL_PWREx_DisableUCPDDeadBattery
                0x0c0065a0       0x20 ./Drivers/STM32L5xx_HAL_Driver/stm32l5xx_hal_pwr_ex.o
                0x0c0065a0                HAL_PWREx_DisableUCPDDeadBattery
 .text.HAL_PWREx_SMPS_GetEffectiveMode
                0x0c0065c0       0x48 ./Drivers/STM32L5xx_HAL_Driver/stm32l5xx_hal_pwr_ex.o
                0x0c0065c0                HAL_PWREx_SMPS_GetEffectiveMode
 .text.HAL_RCC_OscConfig
                0x0c006608      0x9c4 ./Drivers/STM32L5xx_HAL_Driver/stm32l5xx_hal_rcc.o
                0x0c006608                HAL_RCC_OscConfig
 .text.HAL_RCC_ClockConfig
                0x0c006fcc      0x250 ./Drivers/STM32L5xx_HAL_Driver/stm32l5xx_hal_rcc.o
                0x0c006fcc                HAL_RCC_ClockConfig
 .text.HAL_RCC_GetSysClockFreq
                0x0c00721c      0x138 ./Drivers/STM32L5xx_HAL_Driver/stm32l5xx_hal_rcc.o
                0x0c00721c                HAL_RCC_GetSysClockFreq
 .text.HAL_RCC_GetHCLKFreq
                0x0c007354       0x28 ./Drivers/STM32L5xx_HAL_Driver/stm32l5xx_hal_rcc.o
                0x0c007354                HAL_RCC_GetHCLKFreq
 .text.HAL_RCC_GetPCLK1Freq
                0x0c00737c       0x28 ./Drivers/STM32L5xx_HAL_Driver/stm32l5xx_hal_rcc.o
                0x0c00737c                HAL_RCC_GetPCLK1Freq
 .text.HAL_RCC_GetPCLK2Freq
                0x0c0073a4       0x28 ./Drivers/STM32L5xx_HAL_Driver/stm32l5xx_hal_rcc.o
                0x0c0073a4                HAL_RCC_GetPCLK2Freq
 .text.RCC_SetFlashLatencyFromMSIRange
                0x0c0073cc       0xc8 ./Drivers/STM32L5xx_HAL_Driver/stm32l5xx_hal_rcc.o
 .text.RCC_GetSysClockFreqFromPLLSource
                0x0c007494       0xf0 ./Drivers/STM32L5xx_HAL_Driver/stm32l5xx_hal_rcc.o
 .text.HAL_RCCEx_PeriphCLKConfig
                0x0c007584      0x708 ./Drivers/STM32L5xx_HAL_Driver/stm32l5xx_hal_rcc_ex.o
                0x0c007584                HAL_RCCEx_PeriphCLKConfig
 .text.RCCEx_PLLSAI1_Config
                0x0c007c8c      0x1cc ./Drivers/STM32L5xx_HAL_Driver/stm32l5xx_hal_rcc_ex.o
 .text.RCCEx_PLLSAI2_Config
                0x0c007e58      0x158 ./Drivers/STM32L5xx_HAL_Driver/stm32l5xx_hal_rcc_ex.o
 .text.HAL_UART_Init
                0x0c007fb0       0xa0 ./Drivers/STM32L5xx_HAL_Driver/stm32l5xx_hal_uart.o
                0x0c007fb0                HAL_UART_Init
 .text.HAL_UART_Transmit
                0x0c008050      0x12c ./Drivers/STM32L5xx_HAL_Driver/stm32l5xx_hal_uart.o
                0x0c008050                HAL_UART_Transmit
 .text.HAL_UART_Receive
                0x0c00817c      0x1a6 ./Drivers/STM32L5xx_HAL_Driver/stm32l5xx_hal_uart.o
                0x0c00817c                HAL_UART_Receive
 *fill*         0x0c008322        0x2 
 .text.UART_SetConfig
                0x0c008324      0x5fc ./Drivers/STM32L5xx_HAL_Driver/stm32l5xx_hal_uart.o
                0x0c008324                UART_SetConfig
 .text.UART_AdvFeatureConfig
                0x0c008920      0x144 ./Drivers/STM32L5xx_HAL_Driver/stm32l5xx_hal_uart.o
                0x0c008920                UART_AdvFeatureConfig
 .text.UART_CheckIdleState
                0x0c008a64       0x96 ./Drivers/STM32L5xx_HAL_Driver/stm32l5xx_hal_uart.o
                0x0c008a64                UART_CheckIdleState
 .text.UART_WaitOnFlagUntilTimeout
                0x0c008afa      0x100 ./Drivers/STM32L5xx_HAL_Driver/stm32l5xx_hal_uart.o
                0x0c008afa                UART_WaitOnFlagUntilTimeout
 .text.HAL_UARTEx_DisableFifoMode
                0x0c008bfa       0x72 ./Drivers/STM32L5xx_HAL_Driver/stm32l5xx_hal_uart_ex.o
                0x0c008bfa                HAL_UARTEx_DisableFifoMode
 .text.HAL_UARTEx_SetTxFifoThreshold
                0x0c008c6c       0x7c ./Drivers/STM32L5xx_HAL_Driver/stm32l5xx_hal_uart_ex.o
                0x0c008c6c                HAL_UARTEx_SetTxFifoThreshold
 .text.HAL_UARTEx_SetRxFifoThreshold
                0x0c008ce8       0x7c ./Drivers/STM32L5xx_HAL_Driver/stm32l5xx_hal_uart_ex.o
                0x0c008ce8                HAL_UARTEx_SetRxFifoThreshold
 .text.UARTEx_SetNbDataToProcess
                0x0c008d64       0x9c ./Drivers/STM32L5xx_HAL_Driver/stm32l5xx_hal_uart_ex.o
 .text.rand     0x0c008e00       0x7c /home/lgt2621/st/stm32cubeide_1.15.0/plugins/com.st.stm32cube.ide.mcu.externaltools.gnu-tools-for-stm32.12.3.rel1.linux64_1.0.100.202403111256/tools/bin/../lib/gcc/arm-none-eabi/12.3.1/../../../../arm-none-eabi/lib/thumb/v8-m.main+fp/hard/libc_nano.a(libc_a-rand.o)
                0x0c008e00                rand
 .text.std      0x0c008e7c       0x6c /home/lgt2621/st/stm32cubeide_1.15.0/plugins/com.st.stm32cube.ide.mcu.externaltools.gnu-tools-for-stm32.12.3.rel1.linux64_1.0.100.202403111256/tools/bin/../lib/gcc/arm-none-eabi/12.3.1/../../../../arm-none-eabi/lib/thumb/v8-m.main+fp/hard/libc_nano.a(libc_a-findfp.o)
 .text.stdio_exit_handler
                0x0c008ee8       0x18 /home/lgt2621/st/stm32cubeide_1.15.0/plugins/com.st.stm32cube.ide.mcu.externaltools.gnu-tools-for-stm32.12.3.rel1.linux64_1.0.100.202403111256/tools/bin/../lib/gcc/arm-none-eabi/12.3.1/../../../../arm-none-eabi/lib/thumb/v8-m.main+fp/hard/libc_nano.a(libc_a-findfp.o)
 .text.cleanup_stdio
                0x0c008f00       0x40 /home/lgt2621/st/stm32cubeide_1.15.0/plugins/com.st.stm32cube.ide.mcu.externaltools.gnu-tools-for-stm32.12.3.rel1.linux64_1.0.100.202403111256/tools/bin/../lib/gcc/arm-none-eabi/12.3.1/../../../../arm-none-eabi/lib/thumb/v8-m.main+fp/hard/libc_nano.a(libc_a-findfp.o)
 .text.global_stdio_init.part.0
                0x0c008f40       0x3c /home/lgt2621/st/stm32cubeide_1.15.0/plugins/com.st.stm32cube.ide.mcu.externaltools.gnu-tools-for-stm32.12.3.rel1.linux64_1.0.100.202403111256/tools/bin/../lib/gcc/arm-none-eabi/12.3.1/../../../../arm-none-eabi/lib/thumb/v8-m.main+fp/hard/libc_nano.a(libc_a-findfp.o)
 .text.__sfp_lock_acquire
                0x0c008f7c        0xc /home/lgt2621/st/stm32cubeide_1.15.0/plugins/com.st.stm32cube.ide.mcu.externaltools.gnu-tools-for-stm32.12.3.rel1.linux64_1.0.100.202403111256/tools/bin/../lib/gcc/arm-none-eabi/12.3.1/../../../../arm-none-eabi/lib/thumb/v8-m.main+fp/hard/libc_nano.a(libc_a-findfp.o)
                0x0c008f7c                __sfp_lock_acquire
 .text.__sfp_lock_release
                0x0c008f88        0xc /home/lgt2621/st/stm32cubeide_1.15.0/plugins/com.st.stm32cube.ide.mcu.externaltools.gnu-tools-for-stm32.12.3.rel1.linux64_1.0.100.202403111256/tools/bin/../lib/gcc/arm-none-eabi/12.3.1/../../../../arm-none-eabi/lib/thumb/v8-m.main+fp/hard/libc_nano.a(libc_a-findfp.o)
                0x0c008f88                __sfp_lock_release
 .text.__sinit  0x0c008f94       0x30 /home/lgt2621/st/stm32cubeide_1.15.0/plugins/com.st.stm32cube.ide.mcu.externaltools.gnu-tools-for-stm32.12.3.rel1.linux64_1.0.100.202403111256/tools/bin/../lib/gcc/arm-none-eabi/12.3.1/../../../../arm-none-eabi/lib/thumb/v8-m.main+fp/hard/libc_nano.a(libc_a-findfp.o)
                0x0c008f94                __sinit
 .text._fwalk_sglue
                0x0c008fc4       0x3c /home/lgt2621/st/stm32cubeide_1.15.0/plugins/com.st.stm32cube.ide.mcu.externaltools.gnu-tools-for-stm32.12.3.rel1.linux64_1.0.100.202403111256/tools/bin/../lib/gcc/arm-none-eabi/12.3.1/../../../../arm-none-eabi/lib/thumb/v8-m.main+fp/hard/libc_nano.a(libc_a-fwalk.o)
                0x0c008fc4                _fwalk_sglue
 .text.__sread  0x0c009000       0x22 /home/lgt2621/st/stm32cubeide_1.15.0/plugins/com.st.stm32cube.ide.mcu.externaltools.gnu-tools-for-stm32.12.3.rel1.linux64_1.0.100.202403111256/tools/bin/../lib/gcc/arm-none-eabi/12.3.1/../../../../arm-none-eabi/lib/thumb/v8-m.main+fp/hard/libc_nano.a(libc_a-stdio.o)
                0x0c009000                __sread
 .text.__swrite
                0x0c009022       0x38 /home/lgt2621/st/stm32cubeide_1.15.0/plugins/com.st.stm32cube.ide.mcu.externaltools.gnu-tools-for-stm32.12.3.rel1.linux64_1.0.100.202403111256/tools/bin/../lib/gcc/arm-none-eabi/12.3.1/../../../../arm-none-eabi/lib/thumb/v8-m.main+fp/hard/libc_nano.a(libc_a-stdio.o)
                0x0c009022                __swrite
 .text.__sseek  0x0c00905a       0x24 /home/lgt2621/st/stm32cubeide_1.15.0/plugins/com.st.stm32cube.ide.mcu.externaltools.gnu-tools-for-stm32.12.3.rel1.linux64_1.0.100.202403111256/tools/bin/../lib/gcc/arm-none-eabi/12.3.1/../../../../arm-none-eabi/lib/thumb/v8-m.main+fp/hard/libc_nano.a(libc_a-stdio.o)
                0x0c00905a                __sseek
 .text.__sclose
                0x0c00907e        0x8 /home/lgt2621/st/stm32cubeide_1.15.0/plugins/com.st.stm32cube.ide.mcu.externaltools.gnu-tools-for-stm32.12.3.rel1.linux64_1.0.100.202403111256/tools/bin/../lib/gcc/arm-none-eabi/12.3.1/../../../../arm-none-eabi/lib/thumb/v8-m.main+fp/hard/libc_nano.a(libc_a-stdio.o)
                0x0c00907e                __sclose
 .text.memset   0x0c009086       0x10 /home/lgt2621/st/stm32cubeide_1.15.0/plugins/com.st.stm32cube.ide.mcu.externaltools.gnu-tools-for-stm32.12.3.rel1.linux64_1.0.100.202403111256/tools/bin/../lib/gcc/arm-none-eabi/12.3.1/../../../../arm-none-eabi/lib/thumb/v8-m.main+fp/hard/libc_nano.a(libc_a-memset.o)
                0x0c009086                memset
 *fill*         0x0c009096        0x2 
 .text._close_r
                0x0c009098       0x20 /home/lgt2621/st/stm32cubeide_1.15.0/plugins/com.st.stm32cube.ide.mcu.externaltools.gnu-tools-for-stm32.12.3.rel1.linux64_1.0.100.202403111256/tools/bin/../lib/gcc/arm-none-eabi/12.3.1/../../../../arm-none-eabi/lib/thumb/v8-m.main+fp/hard/libc_nano.a(libc_a-closer.o)
                0x0c009098                _close_r
 .text._lseek_r
                0x0c0090b8       0x24 /home/lgt2621/st/stm32cubeide_1.15.0/plugins/com.st.stm32cube.ide.mcu.externaltools.gnu-tools-for-stm32.12.3.rel1.linux64_1.0.100.202403111256/tools/bin/../lib/gcc/arm-none-eabi/12.3.1/../../../../arm-none-eabi/lib/thumb/v8-m.main+fp/hard/libc_nano.a(libc_a-lseekr.o)
                0x0c0090b8                _lseek_r
 .text._read_r  0x0c0090dc       0x24 /home/lgt2621/st/stm32cubeide_1.15.0/plugins/com.st.stm32cube.ide.mcu.externaltools.gnu-tools-for-stm32.12.3.rel1.linux64_1.0.100.202403111256/tools/bin/../lib/gcc/arm-none-eabi/12.3.1/../../../../arm-none-eabi/lib/thumb/v8-m.main+fp/hard/libc_nano.a(libc_a-readr.o)
                0x0c0090dc                _read_r
 .text._write_r
                0x0c009100       0x24 /home/lgt2621/st/stm32cubeide_1.15.0/plugins/com.st.stm32cube.ide.mcu.externaltools.gnu-tools-for-stm32.12.3.rel1.linux64_1.0.100.202403111256/tools/bin/../lib/gcc/arm-none-eabi/12.3.1/../../../../arm-none-eabi/lib/thumb/v8-m.main+fp/hard/libc_nano.a(libc_a-writer.o)
                0x0c009100                _write_r
 .text.__errno  0x0c009124        0xc /home/lgt2621/st/stm32cubeide_1.15.0/plugins/com.st.stm32cube.ide.mcu.externaltools.gnu-tools-for-stm32.12.3.rel1.linux64_1.0.100.202403111256/tools/bin/../lib/gcc/arm-none-eabi/12.3.1/../../../../arm-none-eabi/lib/thumb/v8-m.main+fp/hard/libc_nano.a(libc_a-errno.o)
                0x0c009124                __errno
 .text.__libc_init_array
                0x0c009130       0x48 /home/lgt2621/st/stm32cubeide_1.15.0/plugins/com.st.stm32cube.ide.mcu.externaltools.gnu-tools-for-stm32.12.3.rel1.linux64_1.0.100.202403111256/tools/bin/../lib/gcc/arm-none-eabi/12.3.1/../../../../arm-none-eabi/lib/thumb/v8-m.main+fp/hard/libc_nano.a(libc_a-init.o)
                0x0c009130                __libc_init_array
 .text.__retarget_lock_init_recursive
                0x0c009178        0x2 /home/lgt2621/st/stm32cubeide_1.15.0/plugins/com.st.stm32cube.ide.mcu.externaltools.gnu-tools-for-stm32.12.3.rel1.linux64_1.0.100.202403111256/tools/bin/../lib/gcc/arm-none-eabi/12.3.1/../../../../arm-none-eabi/lib/thumb/v8-m.main+fp/hard/libc_nano.a(libc_a-lock.o)
                0x0c009178                __retarget_lock_init_recursive
 .text.__retarget_lock_acquire_recursive
                0x0c00917a        0x2 /home/lgt2621/st/stm32cubeide_1.15.0/plugins/com.st.stm32cube.ide.mcu.externaltools.gnu-tools-for-stm32.12.3.rel1.linux64_1.0.100.202403111256/tools/bin/../lib/gcc/arm-none-eabi/12.3.1/../../../../arm-none-eabi/lib/thumb/v8-m.main+fp/hard/libc_nano.a(libc_a-lock.o)
                0x0c00917a                __retarget_lock_acquire_recursive
 .text.__retarget_lock_release_recursive
                0x0c00917c        0x2 /home/lgt2621/st/stm32cubeide_1.15.0/plugins/com.st.stm32cube.ide.mcu.externaltools.gnu-tools-for-stm32.12.3.rel1.linux64_1.0.100.202403111256/tools/bin/../lib/gcc/arm-none-eabi/12.3.1/../../../../arm-none-eabi/lib/thumb/v8-m.main+fp/hard/libc_nano.a(libc_a-lock.o)
                0x0c00917c                __retarget_lock_release_recursive
 .text.memcpy   0x0c00917e       0x1a /home/lgt2621/st/stm32cubeide_1.15.0/plugins/com.st.stm32cube.ide.mcu.externaltools.gnu-tools-for-stm32.12.3.rel1.linux64_1.0.100.202403111256/tools/bin/../lib/gcc/arm-none-eabi/12.3.1/../../../../arm-none-eabi/lib/thumb/v8-m.main+fp/hard/libc_nano.a(libc_a-memcpy-stub.o)
                0x0c00917e                memcpy
 .text.__assert_func
                0x0c009198       0x3c /home/lgt2621/st/stm32cubeide_1.15.0/plugins/com.st.stm32cube.ide.mcu.externaltools.gnu-tools-for-stm32.12.3.rel1.linux64_1.0.100.202403111256/tools/bin/../lib/gcc/arm-none-eabi/12.3.1/../../../../arm-none-eabi/lib/thumb/v8-m.main+fp/hard/libc_nano.a(libc_a-assert.o)
                0x0c009198                __assert_func
 .text._free_r  0x0c0091d4       0x94 /home/lgt2621/st/stm32cubeide_1.15.0/plugins/com.st.stm32cube.ide.mcu.externaltools.gnu-tools-for-stm32.12.3.rel1.linux64_1.0.100.202403111256/tools/bin/../lib/gcc/arm-none-eabi/12.3.1/../../../../arm-none-eabi/lib/thumb/v8-m.main+fp/hard/libc_nano.a(libc_a-freer.o)
                0x0c0091d4                _free_r
 .text.malloc   0x0c009268       0x10 /home/lgt2621/st/stm32cubeide_1.15.0/plugins/com.st.stm32cube.ide.mcu.externaltools.gnu-tools-for-stm32.12.3.rel1.linux64_1.0.100.202403111256/tools/bin/../lib/gcc/arm-none-eabi/12.3.1/../../../../arm-none-eabi/lib/thumb/v8-m.main+fp/hard/libc_nano.a(libc_a-malloc.o)
                0x0c009268                malloc
 .text.sbrk_aligned
                0x0c009278       0x44 /home/lgt2621/st/stm32cubeide_1.15.0/plugins/com.st.stm32cube.ide.mcu.externaltools.gnu-tools-for-stm32.12.3.rel1.linux64_1.0.100.202403111256/tools/bin/../lib/gcc/arm-none-eabi/12.3.1/../../../../arm-none-eabi/lib/thumb/v8-m.main+fp/hard/libc_nano.a(libc_a-mallocr.o)
 .text._malloc_r
                0x0c0092bc      0x100 /home/lgt2621/st/stm32cubeide_1.15.0/plugins/com.st.stm32cube.ide.mcu.externaltools.gnu-tools-for-stm32.12.3.rel1.linux64_1.0.100.202403111256/tools/bin/../lib/gcc/arm-none-eabi/12.3.1/../../../../arm-none-eabi/lib/thumb/v8-m.main+fp/hard/libc_nano.a(libc_a-mallocr.o)
                0x0c0092bc                _malloc_r
 .text.__malloc_lock
                0x0c0093bc        0xc /home/lgt2621/st/stm32cubeide_1.15.0/plugins/com.st.stm32cube.ide.mcu.externaltools.gnu-tools-for-stm32.12.3.rel1.linux64_1.0.100.202403111256/tools/bin/../lib/gcc/arm-none-eabi/12.3.1/../../../../arm-none-eabi/lib/thumb/v8-m.main+fp/hard/libc_nano.a(libc_a-mlock.o)
                0x0c0093bc                __malloc_lock
 .text.__malloc_unlock
                0x0c0093c8        0xc /home/lgt2621/st/stm32cubeide_1.15.0/plugins/com.st.stm32cube.ide.mcu.externaltools.gnu-tools-for-stm32.12.3.rel1.linux64_1.0.100.202403111256/tools/bin/../lib/gcc/arm-none-eabi/12.3.1/../../../../arm-none-eabi/lib/thumb/v8-m.main+fp/hard/libc_nano.a(libc_a-mlock.o)
                0x0c0093c8                __malloc_unlock
 .text.__sfputc_r
                0x0c0093d4       0x2e /home/lgt2621/st/stm32cubeide_1.15.0/plugins/com.st.stm32cube.ide.mcu.externaltools.gnu-tools-for-stm32.12.3.rel1.linux64_1.0.100.202403111256/tools/bin/../lib/gcc/arm-none-eabi/12.3.1/../../../../arm-none-eabi/lib/thumb/v8-m.main+fp/hard/libc_nano.a(libc_a-nano-vfprintf.o)
 .text.__sfputs_r
                0x0c009402       0x24 /home/lgt2621/st/stm32cubeide_1.15.0/plugins/com.st.stm32cube.ide.mcu.externaltools.gnu-tools-for-stm32.12.3.rel1.linux64_1.0.100.202403111256/tools/bin/../lib/gcc/arm-none-eabi/12.3.1/../../../../arm-none-eabi/lib/thumb/v8-m.main+fp/hard/libc_nano.a(libc_a-nano-vfprintf.o)
                0x0c009402                __sfputs_r
 *fill*         0x0c009426        0x2 
 .text._vfprintf_r
                0x0c009428      0x230 /home/lgt2621/st/stm32cubeide_1.15.0/plugins/com.st.stm32cube.ide.mcu.externaltools.gnu-tools-for-stm32.12.3.rel1.linux64_1.0.100.202403111256/tools/bin/../lib/gcc/arm-none-eabi/12.3.1/../../../../arm-none-eabi/lib/thumb/v8-m.main+fp/hard/libc_nano.a(libc_a-nano-vfprintf.o)
                0x0c009428                _vfiprintf_r
                0x0c009428                _vfprintf_r
 .text._printf_common
                0x0c009658       0xe4 /home/lgt2621/st/stm32cubeide_1.15.0/plugins/com.st.stm32cube.ide.mcu.externaltools.gnu-tools-for-stm32.12.3.rel1.linux64_1.0.100.202403111256/tools/bin/../lib/gcc/arm-none-eabi/12.3.1/../../../../arm-none-eabi/lib/thumb/v8-m.main+fp/hard/libc_nano.a(libc_a-nano-vfprintf_i.o)
                0x0c009658                _printf_common
 .text._printf_i
                0x0c00973c      0x240 /home/lgt2621/st/stm32cubeide_1.15.0/plugins/com.st.stm32cube.ide.mcu.externaltools.gnu-tools-for-stm32.12.3.rel1.linux64_1.0.100.202403111256/tools/bin/../lib/gcc/arm-none-eabi/12.3.1/../../../../arm-none-eabi/lib/thumb/v8-m.main+fp/hard/libc_nano.a(libc_a-nano-vfprintf_i.o)
                0x0c00973c                _printf_i
 .text.__sflush_r
                0x0c00997c      0x108 /home/lgt2621/st/stm32cubeide_1.15.0/plugins/com.st.stm32cube.ide.mcu.externaltools.gnu-tools-for-stm32.12.3.rel1.linux64_1.0.100.202403111256/tools/bin/../lib/gcc/arm-none-eabi/12.3.1/../../../../arm-none-eabi/lib/thumb/v8-m.main+fp/hard/libc_nano.a(libc_a-fflush.o)
                0x0c00997c                __sflush_r
 .text._fflush_r
                0x0c009a84       0x50 /home/lgt2621/st/stm32cubeide_1.15.0/plugins/com.st.stm32cube.ide.mcu.externaltools.gnu-tools-for-stm32.12.3.rel1.linux64_1.0.100.202403111256/tools/bin/../lib/gcc/arm-none-eabi/12.3.1/../../../../arm-none-eabi/lib/thumb/v8-m.main+fp/hard/libc_nano.a(libc_a-fflush.o)
                0x0c009a84                _fflush_r
 .text.fprintf  0x0c009ad4       0x24 /home/lgt2621/st/stm32cubeide_1.15.0/plugins/com.st.stm32cube.ide.mcu.externaltools.gnu-tools-for-stm32.12.3.rel1.linux64_1.0.100.202403111256/tools/bin/../lib/gcc/arm-none-eabi/12.3.1/../../../../arm-none-eabi/lib/thumb/v8-m.main+fp/hard/libc_nano.a(libc_a-fprintf.o)
                0x0c009ad4                fprintf
                0x0c009ad4                fiprintf
 .text.__swbuf_r
                0x0c009af8       0x7c /home/lgt2621/st/stm32cubeide_1.15.0/plugins/com.st.stm32cube.ide.mcu.externaltools.gnu-tools-for-stm32.12.3.rel1.linux64_1.0.100.202403111256/tools/bin/../lib/gcc/arm-none-eabi/12.3.1/../../../../arm-none-eabi/lib/thumb/v8-m.main+fp/hard/libc_nano.a(libc_a-wbuf.o)
                0x0c009af8                __swbuf_r
 .text.__swsetup_r
                0x0c009b74       0xac /home/lgt2621/st/stm32cubeide_1.15.0/plugins/com.st.stm32cube.ide.mcu.externaltools.gnu-tools-for-stm32.12.3.rel1.linux64_1.0.100.202403111256/tools/bin/../lib/gcc/arm-none-eabi/12.3.1/../../../../arm-none-eabi/lib/thumb/v8-m.main+fp/hard/libc_nano.a(libc_a-wsetup.o)
                0x0c009b74                __swsetup_r
 .text._sbrk_r  0x0c009c20       0x20 /home/lgt2621/st/stm32cubeide_1.15.0/plugins/com.st.stm32cube.ide.mcu.externaltools.gnu-tools-for-stm32.12.3.rel1.linux64_1.0.100.202403111256/tools/bin/../lib/gcc/arm-none-eabi/12.3.1/../../../../arm-none-eabi/lib/thumb/v8-m.main+fp/hard/libc_nano.a(libc_a-sbrkr.o)
                0x0c009c20                _sbrk_r
 .text.memchr   0x0c009c40       0x1c /home/lgt2621/st/stm32cubeide_1.15.0/plugins/com.st.stm32cube.ide.mcu.externaltools.gnu-tools-for-stm32.12.3.rel1.linux64_1.0.100.202403111256/tools/bin/../lib/gcc/arm-none-eabi/12.3.1/../../../../arm-none-eabi/lib/thumb/v8-m.main+fp/hard/libc_nano.a(libc_a-memchr-stub.o)
                0x0c009c40                memchr
 .text.abort    0x0c009c5c        0xe /home/lgt2621/st/stm32cubeide_1.15.0/plugins/com.st.stm32cube.ide.mcu.externaltools.gnu-tools-for-stm32.12.3.rel1.linux64_1.0.100.202403111256/tools/bin/../lib/gcc/arm-none-eabi/12.3.1/../../../../arm-none-eabi/lib/thumb/v8-m.main+fp/hard/libc_nano.a(libc_a-abort.o)
                0x0c009c5c                abort
 .text.__swhatbuf_r
                0x0c009c6a       0x4a /home/lgt2621/st/stm32cubeide_1.15.0/plugins/com.st.stm32cube.ide.mcu.externaltools.gnu-tools-for-stm32.12.3.rel1.linux64_1.0.100.202403111256/tools/bin/../lib/gcc/arm-none-eabi/12.3.1/../../../../arm-none-eabi/lib/thumb/v8-m.main+fp/hard/libc_nano.a(libc_a-makebuf.o)
                0x0c009c6a                __swhatbuf_r
 .text.__smakebuf_r
                0x0c009cb4       0x78 /home/lgt2621/st/stm32cubeide_1.15.0/plugins/com.st.stm32cube.ide.mcu.externaltools.gnu-tools-for-stm32.12.3.rel1.linux64_1.0.100.202403111256/tools/bin/../lib/gcc/arm-none-eabi/12.3.1/../../../../arm-none-eabi/lib/thumb/v8-m.main+fp/hard/libc_nano.a(libc_a-makebuf.o)
                0x0c009cb4                __smakebuf_r
 .text._raise_r
                0x0c009d2c       0x50 /home/lgt2621/st/stm32cubeide_1.15.0/plugins/com.st.stm32cube.ide.mcu.externaltools.gnu-tools-for-stm32.12.3.rel1.linux64_1.0.100.202403111256/tools/bin/../lib/gcc/arm-none-eabi/12.3.1/../../../../arm-none-eabi/lib/thumb/v8-m.main+fp/hard/libc_nano.a(libc_a-signal.o)
                0x0c009d2c                _raise_r
 .text.raise    0x0c009d7c       0x10 /home/lgt2621/st/stm32cubeide_1.15.0/plugins/com.st.stm32cube.ide.mcu.externaltools.gnu-tools-for-stm32.12.3.rel1.linux64_1.0.100.202403111256/tools/bin/../lib/gcc/arm-none-eabi/12.3.1/../../../../arm-none-eabi/lib/thumb/v8-m.main+fp/hard/libc_nano.a(libc_a-signal.o)
                0x0c009d7c                raise
 .text._fstat_r
                0x0c009d8c       0x24 /home/lgt2621/st/stm32cubeide_1.15.0/plugins/com.st.stm32cube.ide.mcu.externaltools.gnu-tools-for-stm32.12.3.rel1.linux64_1.0.100.202403111256/tools/bin/../lib/gcc/arm-none-eabi/12.3.1/../../../../arm-none-eabi/lib/thumb/v8-m.main+fp/hard/libc_nano.a(libc_a-fstatr.o)
                0x0c009d8c                _fstat_r
 .text._isatty_r
                0x0c009db0       0x20 /home/lgt2621/st/stm32cubeide_1.15.0/plugins/com.st.stm32cube.ide.mcu.externaltools.gnu-tools-for-stm32.12.3.rel1.linux64_1.0.100.202403111256/tools/bin/../lib/gcc/arm-none-eabi/12.3.1/../../../../arm-none-eabi/lib/thumb/v8-m.main+fp/hard/libc_nano.a(libc_a-isattyr.o)
                0x0c009db0                _isatty_r
 .text._kill_r  0x0c009dd0       0x24 /home/lgt2621/st/stm32cubeide_1.15.0/plugins/com.st.stm32cube.ide.mcu.externaltools.gnu-tools-for-stm32.12.3.rel1.linux64_1.0.100.202403111256/tools/bin/../lib/gcc/arm-none-eabi/12.3.1/../../../../arm-none-eabi/lib/thumb/v8-m.main+fp/hard/libc_nano.a(libc_a-signalr.o)
                0x0c009dd0                _kill_r
 .text._getpid_r
                0x0c009df4        0x4 /home/lgt2621/st/stm32cubeide_1.15.0/plugins/com.st.stm32cube.ide.mcu.externaltools.gnu-tools-for-stm32.12.3.rel1.linux64_1.0.100.202403111256/tools/bin/../lib/gcc/arm-none-eabi/12.3.1/../../../../arm-none-eabi/lib/thumb/v8-m.main+fp/hard/libc_nano.a(libc_a-signalr.o)
                0x0c009df4                _getpid_r
 *(.glue_7)
 .glue_7        0x0c009df8        0x0 linker stubs
 *(.glue_7t)
 .glue_7t       0x0c009df8        0x0 linker stubs
 *(.eh_frame)
 .eh_frame      0x0c009df8        0x0 /home/lgt2621/st/stm32cubeide_1.15.0/plugins/com.st.stm32cube.ide.mcu.externaltools.gnu-tools-for-stm32.12.3.rel1.linux64_1.0.100.202403111256/tools/bin/../lib/gcc/arm-none-eabi/12.3.1/thumb/v8-m.main+fp/hard/crtbegin.o
 *(.init)
 .init          0x0c009df8        0x4 /home/lgt2621/st/stm32cubeide_1.15.0/plugins/com.st.stm32cube.ide.mcu.externaltools.gnu-tools-for-stm32.12.3.rel1.linux64_1.0.100.202403111256/tools/bin/../lib/gcc/arm-none-eabi/12.3.1/thumb/v8-m.main+fp/hard/crti.o
                0x0c009df8                _init
 .init          0x0c009dfc        0x8 /home/lgt2621/st/stm32cubeide_1.15.0/plugins/com.st.stm32cube.ide.mcu.externaltools.gnu-tools-for-stm32.12.3.rel1.linux64_1.0.100.202403111256/tools/bin/../lib/gcc/arm-none-eabi/12.3.1/thumb/v8-m.main+fp/hard/crtn.o
 *(.fini)
 .fini          0x0c009e04        0x4 /home/lgt2621/st/stm32cubeide_1.15.0/plugins/com.st.stm32cube.ide.mcu.externaltools.gnu-tools-for-stm32.12.3.rel1.linux64_1.0.100.202403111256/tools/bin/../lib/gcc/arm-none-eabi/12.3.1/thumb/v8-m.main+fp/hard/crti.o
                0x0c009e04                _fini
 .fini          0x0c009e08        0x8 /home/lgt2621/st/stm32cubeide_1.15.0/plugins/com.st.stm32cube.ide.mcu.externaltools.gnu-tools-for-stm32.12.3.rel1.linux64_1.0.100.202403111256/tools/bin/../lib/gcc/arm-none-eabi/12.3.1/thumb/v8-m.main+fp/hard/crtn.o
                0x0c009e10                        . = ALIGN (0x4)
                0x0c009e10                        _etext = .

.vfp11_veneer   0x0c009e10        0x0
 .vfp11_veneer  0x0c009e10        0x0 linker stubs

.v4_bx          0x0c009e10        0x0
 .v4_bx         0x0c009e10        0x0 linker stubs

.iplt           0x0c009e10        0x0
 .iplt          0x0c009e10        0x0 /home/lgt2621/st/stm32cubeide_1.15.0/plugins/com.st.stm32cube.ide.mcu.externaltools.gnu-tools-for-stm32.12.3.rel1.linux64_1.0.100.202403111256/tools/bin/../lib/gcc/arm-none-eabi/12.3.1/thumb/v8-m.main+fp/hard/crtbegin.o

.rodata         0x0c009e10      0x248
                0x0c009e10                        . = ALIGN (0x4)
 *(.rodata)
 .rodata        0x0c009e10       0x31 ./Core/Src/cfa_engine.o
 *(.rodata*)
 *fill*         0x0c009e41        0x3 
 .rodata.AHBPrescTable
                0x0c009e44       0x10 ./Core/Src/system_stm32l5xx_s.o
                0x0c009e44                AHBPrescTable
 .rodata.APBPrescTable
                0x0c009e54        0x8 ./Core/Src/system_stm32l5xx_s.o
                0x0c009e54                APBPrescTable
 .rodata.MSIRangeTable
                0x0c009e5c       0x40 ./Core/Src/system_stm32l5xx_s.o
                0x0c009e5c                MSIRangeTable
 .rodata.curve_secp256r1
                0x0c009e9c       0xb4 ./Core/Src/uECC.o
 .rodata.UARTPrescTable
                0x0c009f50       0x18 ./Drivers/STM32L5xx_HAL_Driver/stm32l5xx_hal_uart.o
                0x0c009f50                UARTPrescTable
 .rodata.numerator.1
                0x0c009f68        0x8 ./Drivers/STM32L5xx_HAL_Driver/stm32l5xx_hal_uart_ex.o
 .rodata.denominator.0
                0x0c009f70        0x8 ./Drivers/STM32L5xx_HAL_Driver/stm32l5xx_hal_uart_ex.o
 .rodata.srand.str1.1
                0x0c009f78       0x6f /home/lgt2621/st/stm32cubeide_1.15.0/plugins/com.st.stm32cube.ide.mcu.externaltools.gnu-tools-for-stm32.12.3.rel1.linux64_1.0.100.202403111256/tools/bin/../lib/gcc/arm-none-eabi/12.3.1/../../../../arm-none-eabi/lib/thumb/v8-m.main+fp/hard/libc_nano.a(libc_a-rand.o)
 .rodata.__assert_func.str1.1
                0x0c009fe7       0x3c /home/lgt2621/st/stm32cubeide_1.15.0/plugins/com.st.stm32cube.ide.mcu.externaltools.gnu-tools-for-stm32.12.3.rel1.linux64_1.0.100.202403111256/tools/bin/../lib/gcc/arm-none-eabi/12.3.1/../../../../arm-none-eabi/lib/thumb/v8-m.main+fp/hard/libc_nano.a(libc_a-assert.o)
                                 0x3d (size before relaxing)
 .rodata._vfprintf_r.str1.1
                0x0c00a023       0x11 /home/lgt2621/st/stm32cubeide_1.15.0/plugins/com.st.stm32cube.ide.mcu.externaltools.gnu-tools-for-stm32.12.3.rel1.linux64_1.0.100.202403111256/tools/bin/../lib/gcc/arm-none-eabi/12.3.1/../../../../arm-none-eabi/lib/thumb/v8-m.main+fp/hard/libc_nano.a(libc_a-nano-vfprintf.o)
 .rodata._printf_i.str1.1
                0x0c00a034       0x22 /home/lgt2621/st/stm32cubeide_1.15.0/plugins/com.st.stm32cube.ide.mcu.externaltools.gnu-tools-for-stm32.12.3.rel1.linux64_1.0.100.202403111256/tools/bin/../lib/gcc/arm-none-eabi/12.3.1/../../../../arm-none-eabi/lib/thumb/v8-m.main+fp/hard/libc_nano.a(libc_a-nano-vfprintf_i.o)
                0x0c00a058                        . = ALIGN (0x4)
 *fill*         0x0c00a056        0x2 

.ARM.extab      0x0c00a058        0x0
                0x0c00a058                        . = ALIGN (0x4)
 *(.ARM.extab* .gnu.linkonce.armextab.*)
                0x0c00a058                        . = ALIGN (0x4)

.ARM            0x0c00a058        0x8
                0x0c00a058                        . = ALIGN (0x4)
                0x0c00a058                        __exidx_start = .
 *(.ARM.exidx*)
 .ARM.exidx     0x0c00a058        0x8 /home/lgt2621/st/stm32cubeide_1.15.0/plugins/com.st.stm32cube.ide.mcu.externaltools.gnu-tools-for-stm32.12.3.rel1.linux64_1.0.100.202403111256/tools/bin/../lib/gcc/arm-none-eabi/12.3.1/../../../../arm-none-eabi/lib/thumb/v8-m.main+fp/hard/libc_nano.a(libc_a-strcmp.o)
 .ARM.exidx     0x0c00a060        0x0 /home/lgt2621/st/stm32cubeide_1.15.0/plugins/com.st.stm32cube.ide.mcu.externaltools.gnu-tools-for-stm32.12.3.rel1.linux64_1.0.100.202403111256/tools/bin/../lib/gcc/arm-none-eabi/12.3.1/thumb/v8-m.main+fp/hard/libgcc.a(_udivmoddi4.o)
                                  0x8 (size before relaxing)
                0x0c00a060                        __exidx_end = .
                0x0c00a060                        . = ALIGN (0x4)

.rel.dyn        0x0c00a060        0x0
 .rel.iplt      0x0c00a060        0x0 /home/lgt2621/st/stm32cubeide_1.15.0/plugins/com.st.stm32cube.ide.mcu.externaltools.gnu-tools-for-stm32.12.3.rel1.linux64_1.0.100.202403111256/tools/bin/../lib/gcc/arm-none-eabi/12.3.1/thumb/v8-m.main+fp/hard/crtbegin.o

.preinit_array  0x0c00a060        0x0
                0x0c00a060                        . = ALIGN (0x4)
                0x0c00a060                        PROVIDE (__preinit_array_start = .)
 *(.preinit_array*)
                0x0c00a060                        PROVIDE (__preinit_array_end = .)
                0x0c00a060                        . = ALIGN (0x4)

.init_array     0x0c00a060        0x4
                0x0c00a060                        . = ALIGN (0x4)
                0x0c00a060                        PROVIDE (__init_array_start = .)
 *(SORT_BY_NAME(.init_array.*))
 *(.init_array*)
 .init_array    0x0c00a060        0x4 /home/lgt2621/st/stm32cubeide_1.15.0/plugins/com.st.stm32cube.ide.mcu.externaltools.gnu-tools-for-stm32.12.3.rel1.linux64_1.0.100.202403111256/tools/bin/../lib/gcc/arm-none-eabi/12.3.1/thumb/v8-m.main+fp/hard/crtbegin.o
                0x0c00a064                        PROVIDE (__init_array_end = .)
                0x0c00a064                        . = ALIGN (0x4)

.fini_array     0x0c00a064        0x4
                0x0c00a064                        . = ALIGN (0x4)
                [!provide]                        PROVIDE (__fini_array_start = .)
 *(SORT_BY_NAME(.fini_array.*))
 *(.fini_array*)
 .fini_array    0x0c00a064        0x4 /home/lgt2621/st/stm32cubeide_1.15.0/plugins/com.st.stm32cube.ide.mcu.externaltools.gnu-tools-for-stm32.12.3.rel1.linux64_1.0.100.202403111256/tools/bin/../lib/gcc/arm-none-eabi/12.3.1/thumb/v8-m.main+fp/hard/crtbegin.o
                [!provide]                        PROVIDE (__fini_array_end = .)
                0x0c00a068                        . = ALIGN (0x4)
                0x0c00a068                        _sidata = LOADADDR (.data)

.data           0x30000000      0x67c load address 0x0c00a068
                0x30000000                        . = ALIGN (0x4)
                0x30000000                        _sdata = .
 *(.data)
 *(.data*)
 .data.private_key
                0x30000000       0x20 ./Core/Src/cfa_engine.o
                0x30000000                private_key
 .data.public_key
                0x30000020       0x40 ./Core/Src/cfa_engine.o
                0x30000020                public_key
 .data.HUFFMAN_TABLE
                0x30000060      0x400 ./Core/Src/huffman.o
                0x30000060                HUFFMAN_TABLE
 .data.HUFFMAN_LENGTHS
                0x30000460      0x100 ./Core/Src/huffman.o
                0x30000460                HUFFMAN_LENGTHS
 .data.path0    0x30000560        0x4 ./Core/Src/speculation.o
                0x30000560                path0
 .data.path1    0x30000564       0x24 ./Core/Src/speculation.o
                0x30000564                path1
 .data.path2    0x30000588        0x8 ./Core/Src/speculation.o
                0x30000588                path2
 .data.path3    0x30000590       0x20 ./Core/Src/speculation.o
                0x30000590                path3
 .data.path4    0x300005b0       0x10 ./Core/Src/speculation.o
                0x300005b0                path4
 .data.path5    0x300005c0        0xc ./Core/Src/speculation.o
                0x300005c0                path5
 .data.path6    0x300005cc        0xc ./Core/Src/speculation.o
                0x300005cc                path6
 .data.path7    0x300005d8        0xc ./Core/Src/speculation.o
                0x300005d8                path7
 .data.block_sizes
                0x300005e4        0x8 ./Core/Src/speculation.o
                0x300005e4                block_sizes
 .data.path_base_addrs
                0x300005ec       0x20 ./Core/Src/speculation.o
                0x300005ec                path_base_addrs
 .data.repeat_count
                0x3000060c        0x4 ./Core/Src/speculation.o
                0x3000060c                repeat_count
 .data.SystemCoreClock
                0x30000610        0x4 ./Core/Src/system_stm32l5xx_s.o
                0x30000610                SystemCoreClock
 .data.g_rng_function
                0x30000614        0x4 ./Core/Src/uECC.o
 .data.uwTickPrio
                0x30000618        0x4 ./Drivers/STM32L5xx_HAL_Driver/stm32l5xx_hal.o
                0x30000618                uwTickPrio
 .data.uwTickFreq
                0x3000061c        0x1 ./Drivers/STM32L5xx_HAL_Driver/stm32l5xx_hal.o
                0x3000061c                uwTickFreq
 *fill*         0x3000061d        0x3 
 .data.__sglue  0x30000620        0xc /home/lgt2621/st/stm32cubeide_1.15.0/plugins/com.st.stm32cube.ide.mcu.externaltools.gnu-tools-for-stm32.12.3.rel1.linux64_1.0.100.202403111256/tools/bin/../lib/gcc/arm-none-eabi/12.3.1/../../../../arm-none-eabi/lib/thumb/v8-m.main+fp/hard/libc_nano.a(libc_a-findfp.o)
                0x30000620                __sglue
 .data._impure_ptr
                0x3000062c        0x4 /home/lgt2621/st/stm32cubeide_1.15.0/plugins/com.st.stm32cube.ide.mcu.externaltools.gnu-tools-for-stm32.12.3.rel1.linux64_1.0.100.202403111256/tools/bin/../lib/gcc/arm-none-eabi/12.3.1/../../../../arm-none-eabi/lib/thumb/v8-m.main+fp/hard/libc_nano.a(libc_a-impure.o)
                0x3000062c                _impure_ptr
 .data._impure_data
                0x30000630       0x4c /home/lgt2621/st/stm32cubeide_1.15.0/plugins/com.st.stm32cube.ide.mcu.externaltools.gnu-tools-for-stm32.12.3.rel1.linux64_1.0.100.202403111256/tools/bin/../lib/gcc/arm-none-eabi/12.3.1/../../../../arm-none-eabi/lib/thumb/v8-m.main+fp/hard/libc_nano.a(libc_a-impure.o)
                0x30000630                _impure_data
 *(.RamFunc)
 *(.RamFunc*)
                0x3000067c                        . = ALIGN (0x4)
                0x3000067c                        _edata = .

.igot.plt       0x3000067c        0x0 load address 0x0c00a6e4
 .igot.plt      0x3000067c        0x0 /home/lgt2621/st/stm32cubeide_1.15.0/plugins/com.st.stm32cube.ide.mcu.externaltools.gnu-tools-for-stm32.12.3.rel1.linux64_1.0.100.202403111256/tools/bin/../lib/gcc/arm-none-eabi/12.3.1/thumb/v8-m.main+fp/hard/crtbegin.o

.gnu.sgstubs    0x0c03e000       0x60
                0x0c03e000                        . = ALIGN (0x4)
 *(.gnu.sgstubs*)
                0x0c03e000                        . = ALIGN (0x4)
 .gnu.sgstubs.__stub
                0x0c03e000       0x50 linker stubs
                0x0c03e000                SECURE_SystemCoreClockUpdate
                0x0c03e008                SECURE_log_cond_br
                0x0c03e010                SECURE_RunCallback
                0x0c03e018                SECURE_log_call
                0x0c03e020                SECURE_record_output_data
                0x0c03e028                SECURE_Initialize_CFA_engine
                0x0c03e030                SECURE_Initialize_Attestation
                0x0c03e038                SECURE_log_ret
                0x0c03e040                SECURE_RegisterCallback
                0x0c03e048                SECURE_run_attestation_wait_mode
                0x0c03e050                        . = ALIGN (0x4)

.bss            0x3000067c      0x5dc
                0x3000067c                        _sbss = .
                0x3000067c                        __bss_start__ = _sbss
 *(.bss)
 .bss           0x3000067c       0x1c /home/lgt2621/st/stm32cubeide_1.15.0/plugins/com.st.stm32cube.ide.mcu.externaltools.gnu-tools-for-stm32.12.3.rel1.linux64_1.0.100.202403111256/tools/bin/../lib/gcc/arm-none-eabi/12.3.1/thumb/v8-m.main+fp/hard/crtbegin.o
 *(.bss*)
 .bss.cfa_engine_conf
                0x30000698       0x8c ./Core/Src/cfa_engine.o
                0x30000698                cfa_engine_conf
 .bss.report_secure
                0x30000724      0x16a ./Core/Src/cfa_engine.o
                0x30000724                report_secure
 *fill*         0x3000088e        0x2 
 .bss.vrf_resp  0x30000890       0x81 ./Core/Src/cfa_engine.o
                0x30000890                vrf_resp
 *fill*         0x30000911        0x3 
 .bss.report_hash
                0x30000914       0x20 ./Core/Src/cfa_engine.o
                0x30000914                report_hash
 .bss.response_hash
                0x30000934       0x20 ./Core/Src/cfa_engine.o
                0x30000934                response_hash
 .bss.curve     0x30000954        0x4 ./Core/Src/cfa_engine.o
                0x30000954                curve
 .bss.recv_verify_response_time
                0x30000958        0x4 ./Core/Src/cfa_engine.o
                0x30000958                recv_verify_response_time
 .bss.app_exec_time
                0x3000095c        0x4 ./Core/Src/cfa_engine.o
                0x3000095c                app_exec_time
 .bss.start     0x30000960        0x4 ./Core/Src/cfa_engine.o
                0x30000960                start
 .bss.end       0x30000964        0x4 ./Core/Src/cfa_engine.o
                0x30000964                end
 .bss.output_data
                0x30000968        0x4 ./Core/Src/cfa_engine.o
                0x30000968                output_data
 .bss.valueChar
                0x3000096c        0x1 ./Core/Src/cfa_engine.o
                0x3000096c                valueChar
 .bss.myFlag    0x3000096d        0x1 ./Core/Src/cfa_engine.o
                0x3000096d                myFlag
 *fill*         0x3000096e        0x2 
 .bss.receive_resp_time
                0x30000970        0x4 ./Core/Src/cfa_engine.o
                0x30000970                receive_resp_time
 .bss.verify_resp_time
                0x30000974        0x4 ./Core/Src/cfa_engine.o
                0x30000974                verify_resp_time
 .bss.send_report_time
                0x30000978        0x4 ./Core/Src/cfa_engine.o
                0x30000978                send_report_time
 .bss.send_report_start
                0x3000097c        0x4 ./Core/Src/cfa_engine.o
                0x3000097c                send_report_start
 .bss.send_report_stop
                0x30000980        0x4 ./Core/Src/cfa_engine.o
                0x30000980                send_report_stop
 .bss.compute_send_report_time
                0x30000984        0x4 ./Core/Src/cfa_engine.o
                0x30000984                compute_send_report_time
 .bss.compute_send_report_start
                0x30000988        0x4 ./Core/Src/cfa_engine.o
                0x30000988                compute_send_report_start
 .bss.compute_send_report_stop
                0x3000098c        0x4 ./Core/Src/cfa_engine.o
                0x3000098c                compute_send_report_stop
 .bss.time_hash_memory
                0x30000990        0x4 ./Core/Src/cfa_engine.o
                0x30000990                time_hash_memory
 .bss.time_hash_memory_start
                0x30000994        0x4 ./Core/Src/cfa_engine.o
                0x30000994                time_hash_memory_start
 .bss.time_hash_memory_end
                0x30000998        0x4 ./Core/Src/cfa_engine.o
                0x30000998                time_hash_memory_end
 .bss.time_sign_report
                0x3000099c        0x4 ./Core/Src/cfa_engine.o
                0x3000099c                time_sign_report
 .bss.time_sign_report_start
                0x300009a0        0x4 ./Core/Src/cfa_engine.o
                0x300009a0                time_sign_report_start
 .bss.time_sign_report_end
                0x300009a4        0x4 ./Core/Src/cfa_engine.o
                0x300009a4                time_sign_report_end
 .bss.sign_report_iters
                0x300009a8        0x1 ./Core/Src/cfa_engine.o
                0x300009a8                sign_report_iters
 *fill*         0x300009a9        0x3 
 .bss.logging_time
                0x300009ac        0x4 ./Core/Src/cfa_engine.o
                0x300009ac                logging_time
 .bss.logging_start
                0x300009b0        0x4 ./Core/Src/cfa_engine.o
                0x300009b0                logging_start
 .bss.logging_end
                0x300009b4        0x4 ./Core/Src/cfa_engine.o
                0x300009b4                logging_end
 .bss.size      0x300009b8        0x4 ./Core/Src/cfa_engine.o
                0x300009b8                size
 .bss.spec      0x300009bc        0x4 ./Core/Src/cfa_engine.o
                0x300009bc                spec
 .bss.to_log    0x300009c0       0x18 ./Core/Src/cfa_engine.o
                0x300009c0                to_log
 .bss.debug_count
                0x300009d8        0x4 ./Core/Src/cfa_engine.o
                0x300009d8                debug_count
 .bss.temp_buffer
                0x300009dc       0x18 ./Core/Src/huffman.o
                0x300009dc                temp_buffer
 .bss.encoded_byte
                0x300009f4        0x4 ./Core/Src/huffman.o
                0x300009f4                encoded_byte
 .bss.code      0x300009f8        0x4 ./Core/Src/huffman.o
                0x300009f8                code
 .bss.length    0x300009fc        0x1 ./Core/Src/huffman.o
                0x300009fc                length
 *fill*         0x300009fd        0x1 
 .bss.bits_left_local
                0x300009fe        0x2 ./Core/Src/huffman.o
                0x300009fe                bits_left_local
 .bss.shift_amount
                0x30000a00        0x4 ./Core/Src/huffman.o
                0x30000a00                shift_amount
 .bss.mask      0x30000a04        0x4 ./Core/Src/huffman.o
                0x30000a04                mask
 .bss.selected_bits
                0x30000a08        0x4 ./Core/Src/huffman.o
                0x30000a08                selected_bits
 .bss.safety_save
                0x30000a0c        0x4 ./Core/Src/huffman.o
                0x30000a0c                safety_save
 .bss.prefix_mask
                0x30000a10        0x4 ./Core/Src/prefix.o
                0x30000a10                prefix_mask
 .bss.prefix    0x30000a14        0x4 ./Core/Src/prefix.o
                0x30000a14                prefix
 .bss.pSecureFaultCallback
                0x30000a18        0x4 ./Core/Src/secure_nsc.o
                0x30000a18                pSecureFaultCallback
 .bss.pSecureErrorCallback
                0x30000a1c        0x4 ./Core/Src/secure_nsc.o
                0x30000a1c                pSecureErrorCallback
 .bss.pAttestationFunctionCallback
                0x30000a20        0x4 ./Core/Src/secure_nsc.o
                0x30000a20                pAttestationFunctionCallback
 .bss.monitor_cflog_idxs
                0x30000a24       0x20 ./Core/Src/speculation.o
                0x30000a24                monitor_cflog_idxs
 .bss.monitor_cflog_bit_idxs
                0x30000a44       0x10 ./Core/Src/speculation.o
                0x30000a44                monitor_cflog_bit_idxs
 .bss.spec_monitor_count
                0x30000a54        0x8 ./Core/Src/speculation.o
                0x30000a54                spec_monitor_count
 .bss.spec_monitor
                0x30000a5c        0x1 ./Core/Src/speculation.o
                0x30000a5c                spec_monitor
 .bss.spec_detect
                0x30000a5d        0x1 ./Core/Src/speculation.o
                0x30000a5d                spec_detect
 *fill*         0x30000a5e        0x2 
 .bss.log_entry
                0x30000a60        0x4 ./Core/Src/speculation.o
                0x30000a60                log_entry
 .bss.repeat_detect
                0x30000a64        0x1 ./Core/Src/speculation.o
                0x30000a64                repeat_detect
 *fill*         0x30000a65        0x3 
 .bss.prev_value
                0x30000a68        0x4 ./Core/Src/speculation.o
                0x30000a68                prev_value
 .bss.prev_addr
                0x30000a6c        0x4 ./Core/Src/speculation.o
                0x30000a6c                prev_addr
 .bss.speculating
                0x30000a70        0x4 ./Core/Src/speculation.o
                0x30000a70                speculating
 .bss.__sbrk_heap_end
                0x30000a74        0x4 ./Core/Src/sysmem.o
 .bss.hlpuart1  0x30000a78       0x90 ./Core/Src/usart.o
                0x30000a78                hlpuart1
 .bss.uwTick    0x30000b08        0x4 ./Drivers/STM32L5xx_HAL_Driver/stm32l5xx_hal.o
                0x30000b08                uwTick
 .bss.__sf      0x30000b0c      0x138 /home/lgt2621/st/stm32cubeide_1.15.0/plugins/com.st.stm32cube.ide.mcu.externaltools.gnu-tools-for-stm32.12.3.rel1.linux64_1.0.100.202403111256/tools/bin/../lib/gcc/arm-none-eabi/12.3.1/../../../../arm-none-eabi/lib/thumb/v8-m.main+fp/hard/libc_nano.a(libc_a-findfp.o)
                0x30000b0c                __sf
 .bss.__stdio_exit_handler
                0x30000c44        0x4 /home/lgt2621/st/stm32cubeide_1.15.0/plugins/com.st.stm32cube.ide.mcu.externaltools.gnu-tools-for-stm32.12.3.rel1.linux64_1.0.100.202403111256/tools/bin/../lib/gcc/arm-none-eabi/12.3.1/../../../../arm-none-eabi/lib/thumb/v8-m.main+fp/hard/libc_nano.a(libc_a-findfp.o)
                0x30000c44                __stdio_exit_handler
 .bss.errno     0x30000c48        0x4 /home/lgt2621/st/stm32cubeide_1.15.0/plugins/com.st.stm32cube.ide.mcu.externaltools.gnu-tools-for-stm32.12.3.rel1.linux64_1.0.100.202403111256/tools/bin/../lib/gcc/arm-none-eabi/12.3.1/../../../../arm-none-eabi/lib/thumb/v8-m.main+fp/hard/libc_nano.a(libc_a-reent.o)
                0x30000c48                errno
 .bss.__lock___malloc_recursive_mutex
                0x30000c4c        0x1 /home/lgt2621/st/stm32cubeide_1.15.0/plugins/com.st.stm32cube.ide.mcu.externaltools.gnu-tools-for-stm32.12.3.rel1.linux64_1.0.100.202403111256/tools/bin/../lib/gcc/arm-none-eabi/12.3.1/../../../../arm-none-eabi/lib/thumb/v8-m.main+fp/hard/libc_nano.a(libc_a-lock.o)
                0x30000c4c                __lock___malloc_recursive_mutex
 .bss.__lock___sfp_recursive_mutex
                0x30000c4d        0x1 /home/lgt2621/st/stm32cubeide_1.15.0/plugins/com.st.stm32cube.ide.mcu.externaltools.gnu-tools-for-stm32.12.3.rel1.linux64_1.0.100.202403111256/tools/bin/../lib/gcc/arm-none-eabi/12.3.1/../../../../arm-none-eabi/lib/thumb/v8-m.main+fp/hard/libc_nano.a(libc_a-lock.o)
                0x30000c4d                __lock___sfp_recursive_mutex
 *fill*         0x30000c4e        0x2 
 .bss.__malloc_sbrk_start
                0x30000c50        0x4 /home/lgt2621/st/stm32cubeide_1.15.0/plugins/com.st.stm32cube.ide.mcu.externaltools.gnu-tools-for-stm32.12.3.rel1.linux64_1.0.100.202403111256/tools/bin/../lib/gcc/arm-none-eabi/12.3.1/../../../../arm-none-eabi/lib/thumb/v8-m.main+fp/hard/libc_nano.a(libc_a-mallocr.o)
                0x30000c50                __malloc_sbrk_start
 .bss.__malloc_free_list
                0x30000c54        0x4 /home/lgt2621/st/stm32cubeide_1.15.0/plugins/com.st.stm32cube.ide.mcu.externaltools.gnu-tools-for-stm32.12.3.rel1.linux64_1.0.100.202403111256/tools/bin/../lib/gcc/arm-none-eabi/12.3.1/../../../../arm-none-eabi/lib/thumb/v8-m.main+fp/hard/libc_nano.a(libc_a-mallocr.o)
                0x30000c54                __malloc_free_list
 *(COMMON)
                0x30000c58                        . = ALIGN (0x4)
                0x30000c58                        _ebss = .
                0x30000c58                        __bss_end__ = _ebss

._user_heap_stack
                0x30000c58      0x600
                0x30000c58                        . = ALIGN (0x8)
                [!provide]                        PROVIDE (end = .)
                0x30000c58                        PROVIDE (_end = .)
                0x30000e58                        . = (. + _Min_Heap_Size)
 *fill*         0x30000c58      0x200 
                0x30001258                        . = (. + _Min_Stack_Size)
 *fill*         0x30000e58      0x400 
                0x30001258                        . = ALIGN (0x8)

/DISCARD/
 libc.a(*)
 libm.a(*)
 libgcc.a(*)

.ARM.attributes
                0x00000000       0x36
 *(.ARM.attributes)
 .ARM.attributes
                0x00000000       0x26 /home/lgt2621/st/stm32cubeide_1.15.0/plugins/com.st.stm32cube.ide.mcu.externaltools.gnu-tools-for-stm32.12.3.rel1.linux64_1.0.100.202403111256/tools/bin/../lib/gcc/arm-none-eabi/12.3.1/thumb/v8-m.main+fp/hard/crti.o
 .ARM.attributes
                0x00000026       0x38 /home/lgt2621/st/stm32cubeide_1.15.0/plugins/com.st.stm32cube.ide.mcu.externaltools.gnu-tools-for-stm32.12.3.rel1.linux64_1.0.100.202403111256/tools/bin/../lib/gcc/arm-none-eabi/12.3.1/thumb/v8-m.main+fp/hard/crtbegin.o
 .ARM.attributes
                0x0000005e       0x3a ./Core/Src/Hacl_SHA2_256.o
 .ARM.attributes
                0x00000098       0x3a ./Core/Src/cfa_engine.o
 .ARM.attributes
                0x000000d2       0x3a ./Core/Src/gpio.o
 .ARM.attributes
                0x0000010c       0x3a ./Core/Src/gtzc.o
 .ARM.attributes
                0x00000146       0x3a ./Core/Src/huffman.o
 .ARM.attributes
                0x00000180       0x3a ./Core/Src/main.o
 .ARM.attributes
                0x000001ba       0x3a ./Core/Src/prefix.o
 .ARM.attributes
                0x000001f4       0x3a ./Core/Src/speculation.o
 .ARM.attributes
                0x0000022e       0x3a ./Core/Src/stm32l5xx_hal_msp.o
 .ARM.attributes
                0x00000268       0x3a ./Core/Src/stm32l5xx_it.o
 .ARM.attributes
                0x000002a2       0x3a ./Core/Src/system_stm32l5xx_s.o
 .ARM.attributes
                0x000002dc       0x3a ./Core/Src/usart.o
 .ARM.attributes
                0x00000316       0x24 ./Core/Startup/startup_stm32l552zetxq.o
 .ARM.attributes
                0x0000033a       0x3a ./Drivers/STM32L5xx_HAL_Driver/stm32l5xx_hal.o
 .ARM.attributes
                0x00000374       0x3a ./Drivers/STM32L5xx_HAL_Driver/stm32l5xx_hal_cortex.o
 .ARM.attributes
                0x000003ae       0x3a ./Drivers/STM32L5xx_HAL_Driver/stm32l5xx_hal_gpio.o
 .ARM.attributes
                0x000003e8       0x3a ./Drivers/STM32L5xx_HAL_Driver/stm32l5xx_hal_gtzc.o
 .ARM.attributes
                0x00000422       0x3a ./Drivers/STM32L5xx_HAL_Driver/stm32l5xx_hal_pwr.o
 .ARM.attributes
                0x0000045c       0x3a ./Drivers/STM32L5xx_HAL_Driver/stm32l5xx_hal_pwr_ex.o
 .ARM.attributes
                0x00000496       0x3a ./Drivers/STM32L5xx_HAL_Driver/stm32l5xx_hal_rcc.o
 .ARM.attributes
                0x000004d0       0x3a ./Drivers/STM32L5xx_HAL_Driver/stm32l5xx_hal_rcc_ex.o
 .ARM.attributes
                0x0000050a       0x3a ./Drivers/STM32L5xx_HAL_Driver/stm32l5xx_hal_uart.o
 .ARM.attributes
                0x00000544       0x3a ./Drivers/STM32L5xx_HAL_Driver/stm32l5xx_hal_uart_ex.o
 .ARM.attributes
                0x0000057e       0x38 /home/lgt2621/st/stm32cubeide_1.15.0/plugins/com.st.stm32cube.ide.mcu.externaltools.gnu-tools-for-stm32.12.3.rel1.linux64_1.0.100.202403111256/tools/bin/../lib/gcc/arm-none-eabi/12.3.1/../../../../arm-none-eabi/lib/thumb/v8-m.main+fp/hard/libc_nano.a(libc_a-memset.o)
 .ARM.attributes
                0x000005b6       0x38 /home/lgt2621/st/stm32cubeide_1.15.0/plugins/com.st.stm32cube.ide.mcu.externaltools.gnu-tools-for-stm32.12.3.rel1.linux64_1.0.100.202403111256/tools/bin/../lib/gcc/arm-none-eabi/12.3.1/../../../../arm-none-eabi/lib/thumb/v8-m.main+fp/hard/libc_nano.a(libc_a-init.o)
 .ARM.attributes
                0x000005ee       0x38 /home/lgt2621/st/stm32cubeide_1.15.0/plugins/com.st.stm32cube.ide.mcu.externaltools.gnu-tools-for-stm32.12.3.rel1.linux64_1.0.100.202403111256/tools/bin/../lib/gcc/arm-none-eabi/12.3.1/../../../../arm-none-eabi/lib/thumb/v8-m.main+fp/hard/libc_nano.a(libc_a-memcpy-stub.o)
 .ARM.attributes
                0x00000626       0x24 /home/lgt2621/st/stm32cubeide_1.15.0/plugins/com.st.stm32cube.ide.mcu.externaltools.gnu-tools-for-stm32.12.3.rel1.linux64_1.0.100.202403111256/tools/bin/../lib/gcc/arm-none-eabi/12.3.1/thumb/v8-m.main+fp/hard/libgcc.a(cmse_nonsecure_call.o)
 .ARM.attributes
                0x0000064a       0x26 /home/lgt2621/st/stm32cubeide_1.15.0/plugins/com.st.stm32cube.ide.mcu.externaltools.gnu-tools-for-stm32.12.3.rel1.linux64_1.0.100.202403111256/tools/bin/../lib/gcc/arm-none-eabi/12.3.1/thumb/v8-m.main+fp/hard/libgcc.a(_aeabi_uldivmod.o)
 .ARM.attributes
                0x00000670       0x38 /home/lgt2621/st/stm32cubeide_1.15.0/plugins/com.st.stm32cube.ide.mcu.externaltools.gnu-tools-for-stm32.12.3.rel1.linux64_1.0.100.202403111256/tools/bin/../lib/gcc/arm-none-eabi/12.3.1/thumb/v8-m.main+fp/hard/libgcc.a(_udivmoddi4.o)
 .ARM.attributes
                0x000006a8       0x26 /home/lgt2621/st/stm32cubeide_1.15.0/plugins/com.st.stm32cube.ide.mcu.externaltools.gnu-tools-for-stm32.12.3.rel1.linux64_1.0.100.202403111256/tools/bin/../lib/gcc/arm-none-eabi/12.3.1/thumb/v8-m.main+fp/hard/libgcc.a(_dvmd_tls.o)
 .ARM.attributes
                0x000006ce       0x26 /home/lgt2621/st/stm32cubeide_1.15.0/plugins/com.st.stm32cube.ide.mcu.externaltools.gnu-tools-for-stm32.12.3.rel1.linux64_1.0.100.202403111256/tools/bin/../lib/gcc/arm-none-eabi/12.3.1/thumb/v8-m.main+fp/hard/crtn.o
OUTPUT(ReSpec-CFA_Secure.elf elf32-littlearm)
LOAD linker stubs
LOAD /home/lgt2621/st/stm32cubeide_1.15.0/plugins/com.st.stm32cube.ide.mcu.externaltools.gnu-tools-for-stm32.12.3.rel1.linux64_1.0.100.202403111256/tools/bin/../lib/gcc/arm-none-eabi/12.3.1/../../../../arm-none-eabi/lib/thumb/v8-m.main+fp/hard/libc.a
LOAD /home/lgt2621/st/stm32cubeide_1.15.0/plugins/com.st.stm32cube.ide.mcu.externaltools.gnu-tools-for-stm32.12.3.rel1.linux64_1.0.100.202403111256/tools/bin/../lib/gcc/arm-none-eabi/12.3.1/../../../../arm-none-eabi/lib/thumb/v8-m.main+fp/hard/libm.a
LOAD /home/lgt2621/st/stm32cubeide_1.15.0/plugins/com.st.stm32cube.ide.mcu.externaltools.gnu-tools-for-stm32.12.3.rel1.linux64_1.0.100.202403111256/tools/bin/../lib/gcc/arm-none-eabi/12.3.1/thumb/v8-m.main+fp/hard/libgcc.a

.debug_info     0x00000000     0xed9e
 .debug_info    0x00000000      0xb74 ./Core/Src/Hacl_SHA2_256.o
 .debug_info    0x00000b74      0xb1d ./Core/Src/cfa_engine.o
 .debug_info    0x00001691      0x3ad ./Core/Src/gpio.o
 .debug_info    0x00001a3e      0x205 ./Core/Src/gtzc.o
 .debug_info    0x00001c43      0x36c ./Core/Src/huffman.o
 .debug_info    0x00001faf      0xb83 ./Core/Src/main.o
 .debug_info    0x00002b32      0x251 ./Core/Src/prefix.o
 .debug_info    0x00002d83      0x288 ./Core/Src/secure_nsc.o
 .debug_info    0x0000300b      0x55c ./Core/Src/speculation.o
 .debug_info    0x00003567      0x6f6 ./Core/Src/stm32l5xx_hal_msp.o
 .debug_info    0x00003c5d      0x185 ./Core/Src/stm32l5xx_it.o
 .debug_info    0x00003de2      0xa31 ./Core/Src/system_stm32l5xx_s.o
 .debug_info    0x00004813     0x101d ./Core/Src/usart.o
 .debug_info    0x00005830       0x30 ./Core/Startup/startup_stm32l552zetxq.o
 .debug_info    0x00005860      0xd72 ./Drivers/STM32L5xx_HAL_Driver/stm32l5xx_hal.o
 .debug_info    0x000065d2     0x1142 ./Drivers/STM32L5xx_HAL_Driver/stm32l5xx_hal_cortex.o
 .debug_info    0x00007714      0x6b0 ./Drivers/STM32L5xx_HAL_Driver/stm32l5xx_hal_gpio.o
 .debug_info    0x00007dc4      0xb64 ./Drivers/STM32L5xx_HAL_Driver/stm32l5xx_hal_gtzc.o
 .debug_info    0x00008928      0xcd2 ./Drivers/STM32L5xx_HAL_Driver/stm32l5xx_hal_pwr.o
 .debug_info    0x000095fa      0xd73 ./Drivers/STM32L5xx_HAL_Driver/stm32l5xx_hal_pwr_ex.o
 .debug_info    0x0000a36d      0xf4b ./Drivers/STM32L5xx_HAL_Driver/stm32l5xx_hal_rcc.o
 .debug_info    0x0000b2b8     0x1135 ./Drivers/STM32L5xx_HAL_Driver/stm32l5xx_hal_rcc_ex.o
 .debug_info    0x0000c3ed     0x1c22 ./Drivers/STM32L5xx_HAL_Driver/stm32l5xx_hal_uart.o
 .debug_info    0x0000e00f      0xd8f ./Drivers/STM32L5xx_HAL_Driver/stm32l5xx_hal_uart_ex.o

.debug_abbrev   0x00000000     0x2f56
 .debug_abbrev  0x00000000      0x1e9 ./Core/Src/Hacl_SHA2_256.o
 .debug_abbrev  0x000001e9      0x3cd ./Core/Src/cfa_engine.o
 .debug_abbrev  0x000005b6      0x107 ./Core/Src/gpio.o
 .debug_abbrev  0x000006bd      0x10a ./Core/Src/gtzc.o
 .debug_abbrev  0x000007c7      0x153 ./Core/Src/huffman.o
 .debug_abbrev  0x0000091a      0x2d9 ./Core/Src/main.o
 .debug_abbrev  0x00000bf3      0x123 ./Core/Src/prefix.o
 .debug_abbrev  0x00000d16      0x17c ./Core/Src/secure_nsc.o
 .debug_abbrev  0x00000e92      0x1c1 ./Core/Src/speculation.o
 .debug_abbrev  0x00001053      0x155 ./Core/Src/stm32l5xx_hal_msp.o
 .debug_abbrev  0x000011a8       0xae ./Core/Src/stm32l5xx_it.o
 .debug_abbrev  0x00001256      0x187 ./Core/Src/system_stm32l5xx_s.o
 .debug_abbrev  0x000013dd      0x266 ./Core/Src/usart.o
 .debug_abbrev  0x00001643       0x24 ./Core/Startup/startup_stm32l552zetxq.o
 .debug_abbrev  0x00001667      0x2f3 ./Drivers/STM32L5xx_HAL_Driver/stm32l5xx_hal.o
 .debug_abbrev  0x0000195a      0x32c ./Drivers/STM32L5xx_HAL_Driver/stm32l5xx_hal_cortex.o
 .debug_abbrev  0x00001c86      0x1c2 ./Drivers/STM32L5xx_HAL_Driver/stm32l5xx_hal_gpio.o
 .debug_abbrev  0x00001e48      0x1ce ./Drivers/STM32L5xx_HAL_Driver/stm32l5xx_hal_gtzc.o
 .debug_abbrev  0x00002016      0x20a ./Drivers/STM32L5xx_HAL_Driver/stm32l5xx_hal_pwr.o
 .debug_abbrev  0x00002220      0x28c ./Drivers/STM32L5xx_HAL_Driver/stm32l5xx_hal_pwr_ex.o
 .debug_abbrev  0x000024ac      0x2fd ./Drivers/STM32L5xx_HAL_Driver/stm32l5xx_hal_rcc.o
 .debug_abbrev  0x000027a9      0x2c8 ./Drivers/STM32L5xx_HAL_Driver/stm32l5xx_hal_rcc_ex.o
 .debug_abbrev  0x00002a71      0x2ad ./Drivers/STM32L5xx_HAL_Driver/stm32l5xx_hal_uart.o
 .debug_abbrev  0x00002d1e      0x238 ./Drivers/STM32L5xx_HAL_Driver/stm32l5xx_hal_uart_ex.o
