Archive member included to satisfy reference by file (symbol)

/home/lgt2621/st/stm32cubeide_1.15.0/plugins/com.st.stm32cube.ide.mcu.externaltools.gnu-tools-for-stm32.12.3.rel1.linux64_1.0.100.202403111256/tools/bin/../lib/gcc/arm-none-eabi/12.3.1/../../../../arm-none-eabi/lib/thumb/v8-m.main+fp/hard/libc_nano.a(libc_a-exit.o)
                              /home/lgt2621/st/stm32cubeide_1.15.0/plugins/com.st.stm32cube.ide.mcu.externaltools.gnu-tools-for-stm32.12.3.rel1.linux64_1.0.100.202403111256/tools/bin/../lib/gcc/arm-none-eabi/12.3.1/../../../../arm-none-eabi/lib/thumb/v8-m.main+fp/hard/crt0.o (exit)
/home/lgt2621/st/stm32cubeide_1.15.0/plugins/com.st.stm32cube.ide.mcu.externaltools.gnu-tools-for-stm32.12.3.rel1.linux64_1.0.100.202403111256/tools/bin/../lib/gcc/arm-none-eabi/12.3.1/../../../../arm-none-eabi/lib/thumb/v8-m.main+fp/hard/libc_nano.a(libc_a-findfp.o)
                              /home/lgt2621/st/stm32cubeide_1.15.0/plugins/com.st.stm32cube.ide.mcu.externaltools.gnu-tools-for-stm32.12.3.rel1.linux64_1.0.100.202403111256/tools/bin/../lib/gcc/arm-none-eabi/12.3.1/../../../../arm-none-eabi/lib/thumb/v8-m.main+fp/hard/libc_nano.a(libc_a-exit.o) (__stdio_exit_handler)
/home/lgt2621/st/stm32cubeide_1.15.0/plugins/com.st.stm32cube.ide.mcu.externaltools.gnu-tools-for-stm32.12.3.rel1.linux64_1.0.100.202403111256/tools/bin/../lib/gcc/arm-none-eabi/12.3.1/../../../../arm-none-eabi/lib/thumb/v8-m.main+fp/hard/libc_nano.a(libc_a-fwalk.o)
                              /home/lgt2621/st/stm32cubeide_1.15.0/plugins/com.st.stm32cube.ide.mcu.externaltools.gnu-tools-for-stm32.12.3.rel1.linux64_1.0.100.202403111256/tools/bin/../lib/gcc/arm-none-eabi/12.3.1/../../../../arm-none-eabi/lib/thumb/v8-m.main+fp/hard/libc_nano.a(libc_a-findfp.o) (_fwalk_sglue)
/home/lgt2621/st/stm32cubeide_1.15.0/plugins/com.st.stm32cube.ide.mcu.externaltools.gnu-tools-for-stm32.12.3.rel1.linux64_1.0.100.202403111256/tools/bin/../lib/gcc/arm-none-eabi/12.3.1/../../../../arm-none-eabi/lib/thumb/v8-m.main+fp/hard/libc_nano.a(libc_a-stdio.o)
                              /home/lgt2621/st/stm32cubeide_1.15.0/plugins/com.st.stm32cube.ide.mcu.externaltools.gnu-tools-for-stm32.12.3.rel1.linux64_1.0.100.202403111256/tools/bin/../lib/gcc/arm-none-eabi/12.3.1/../../../../arm-none-eabi/lib/thumb/v8-m.main+fp/hard/libc_nano.a(libc_a-findfp.o) (__sread)
/home/lgt2621/st/stm32cubeide_1.15.0/plugins/com.st.stm32cube.ide.mcu.externaltools.gnu-tools-for-stm32.12.3.rel1.linux64_1.0.100.202403111256/tools/bin/../lib/gcc/arm-none-eabi/12.3.1/../../../../arm-none-eabi/lib/thumb/v8-m.main+fp/hard/libc_nano.a(libc_a-memset.o)
                              /home/lgt2621/st/stm32cubeide_1.15.0/plugins/com.st.stm32cube.ide.mcu.externaltools.gnu-tools-for-stm32.12.3.rel1.linux64_1.0.100.202403111256/tools/bin/../lib/gcc/arm-none-eabi/12.3.1/../../../../arm-none-eabi/lib/thumb/v8-m.main+fp/hard/crt0.o (memset)
/home/lgt2621/st/stm32cubeide_1.15.0/plugins/com.st.stm32cube.ide.mcu.externaltools.gnu-tools-for-stm32.12.3.rel1.linux64_1.0.100.202403111256/tools/bin/../lib/gcc/arm-none-eabi/12.3.1/../../../../arm-none-eabi/lib/thumb/v8-m.main+fp/hard/libc_nano.a(libc_a-closer.o)
                              /home/lgt2621/st/stm32cubeide_1.15.0/plugins/com.st.stm32cube.ide.mcu.externaltools.gnu-tools-for-stm32.12.3.rel1.linux64_1.0.100.202403111256/tools/bin/../lib/gcc/arm-none-eabi/12.3.1/../../../../arm-none-eabi/lib/thumb/v8-m.main+fp/hard/libc_nano.a(libc_a-stdio.o) (_close_r)
/home/lgt2621/st/stm32cubeide_1.15.0/plugins/com.st.stm32cube.ide.mcu.externaltools.gnu-tools-for-stm32.12.3.rel1.linux64_1.0.100.202403111256/tools/bin/../lib/gcc/arm-none-eabi/12.3.1/../../../../arm-none-eabi/lib/thumb/v8-m.main+fp/hard/libc_nano.a(libc_a-reent.o)
                              /home/lgt2621/st/stm32cubeide_1.15.0/plugins/com.st.stm32cube.ide.mcu.externaltools.gnu-tools-for-stm32.12.3.rel1.linux64_1.0.100.202403111256/tools/bin/../lib/gcc/arm-none-eabi/12.3.1/../../../../arm-none-eabi/lib/thumb/v8-m.main+fp/hard/libc_nano.a(libc_a-closer.o) (errno)
/home/lgt2621/st/stm32cubeide_1.15.0/plugins/com.st.stm32cube.ide.mcu.externaltools.gnu-tools-for-stm32.12.3.rel1.linux64_1.0.100.202403111256/tools/bin/../lib/gcc/arm-none-eabi/12.3.1/../../../../arm-none-eabi/lib/thumb/v8-m.main+fp/hard/libc_nano.a(libc_a-impure.o)
                              /home/lgt2621/st/stm32cubeide_1.15.0/plugins/com.st.stm32cube.ide.mcu.externaltools.gnu-tools-for-stm32.12.3.rel1.linux64_1.0.100.202403111256/tools/bin/../lib/gcc/arm-none-eabi/12.3.1/../../../../arm-none-eabi/lib/thumb/v8-m.main+fp/hard/libc_nano.a(libc_a-reent.o) (_impure_ptr)
/home/lgt2621/st/stm32cubeide_1.15.0/plugins/com.st.stm32cube.ide.mcu.externaltools.gnu-tools-for-stm32.12.3.rel1.linux64_1.0.100.202403111256/tools/bin/../lib/gcc/arm-none-eabi/12.3.1/../../../../arm-none-eabi/lib/thumb/v8-m.main+fp/hard/libc_nano.a(libc_a-lseekr.o)
[...]
Memory Configuration

Name             Origin             Length             Attributes
RAM              0x20018000         0x00028000         xrw
FLASH            0x08040000         0x00040000         xr
*default*        0x00000000         0xffffffff

Linker script and memory map

LOAD /home/lgt2621/st/stm32cubeide_1.15.0/plugins/com.st.stm32cube.ide.mcu.externaltools.gnu-tools-for-stm32.12.3.rel1.linux64_1.0.100.202403111256/tools/bin/../lib/gcc/arm-none-eabi/12.3.1/thumb/v8-m.main+fp/hard/crti.o
LOAD /home/lgt2621/st/stm32cubeide_1.15.0/plugins/com.st.stm32cube.ide.mcu.externaltools.gnu-tools-for-stm32.12.3.rel1.linux64_1.0.100.202403111256/tools/bin/../lib/gcc/arm-none-eabi/12.3.1/thumb/v8-m.main+fp/hard/crtbegin.o
LOAD /home/lgt2621/st/stm32cubeide_1.15.0/plugins/com.st.stm32cube.ide.mcu.externaltools.gnu-tools-for-stm32.12.3.rel1.linux64_1.0.100.202403111256/tools/bin/../lib/gcc/arm-none-eabi/12.3.1/../../../../arm-none-eabi/lib/thumb/v8-m.main+fp/hard/crt0.o
LOAD ./Core/Src/application.o
LOAD ./Core/Src/gpio.o
LOAD ./Core/Src/main.o
LOAD ./Core/Src/stm32l5xx_hal_msp.o
LOAD ./Core/Src/stm32l5xx_it.o
LOAD ./Core/Src/syscalls.o
LOAD ./Core/Src/sysmem.o
LOAD ./Core/Src/system_stm32l5xx_ns.o
LOAD ./Core/Startup/startup_stm32l552zetxq.o
LOAD ./Drivers/STM32L5xx_HAL_Driver/stm32l5xx_hal.o
LOAD ./Drivers/STM32L5xx_HAL_Driver/stm32l5xx_hal_cortex.o
LOAD ./Drivers/STM32L5xx_HAL_Driver/stm32l5xx_hal_dma.o
LOAD ./Drivers/STM32L5xx_HAL_Driver/stm32l5xx_hal_dma_ex.o
LOAD ./Drivers/STM32L5xx_HAL_Driver/stm32l5xx_hal_exti.o
LOAD ./Drivers/STM32L5xx_HAL_Driver/stm32l5xx_hal_flash.o
LOAD ./Drivers/STM32L5xx_HAL_Driver/stm32l5xx_hal_flash_ex.o
LOAD ./Drivers/STM32L5xx_HAL_Driver/stm32l5xx_hal_flash_ramfunc.o
LOAD ./Drivers/STM32L5xx_HAL_Driver/stm32l5xx_hal_gpio.o
LOAD ./Drivers/STM32L5xx_HAL_Driver/stm32l5xx_hal_i2c.o
LOAD ./Drivers/STM32L5xx_HAL_Driver/stm32l5xx_hal_i2c_ex.o
LOAD ./Drivers/STM32L5xx_HAL_Driver/stm32l5xx_hal_icache.o
LOAD ./Drivers/STM32L5xx_HAL_Driver/stm32l5xx_hal_pwr.o
LOAD ./Drivers/STM32L5xx_HAL_Driver/stm32l5xx_hal_pwr_ex.o
LOAD ./Drivers/STM32L5xx_HAL_Driver/stm32l5xx_hal_rcc.o
LOAD ./Drivers/STM32L5xx_HAL_Driver/stm32l5xx_hal_rcc_ex.o
LOAD ./Drivers/STM32L5xx_HAL_Driver/stm32l5xx_hal_tim.o
LOAD ./Drivers/STM32L5xx_HAL_Driver/stm32l5xx_hal_tim_ex.o
LOAD /home/lgt2621/Desktop/ReSpec-CFA_prototype/prv/Secure/Debug/secure_nsclib.o
START GROUP
LOAD /home/lgt2621/st/stm32cubeide_1.15.0/plugins/com.st.stm32cube.ide.mcu.externaltools.gnu-tools-for-stm32.12.3.rel1.linux64_1.0.100.202403111256/tools/bin/../lib/gcc/arm-none-eabi/12.3.1/../../../../arm-none-eabi/lib/thumb/v8-m.main+fp/hard/libc_nano.a
LOAD /home/lgt2621/st/stm32cubeide_1.15.0/plugins/com.st.stm32cube.ide.mcu.externaltools.gnu-tools-for-stm32.12.3.rel1.linux64_1.0.100.202403111256/tools/bin/../lib/gcc/arm-none-eabi/12.3.1/../../../../arm-none-eabi/lib/thumb/v8-m.main+fp/hard/libm.a
END GROUP
START GROUP
LOAD /home/lgt2621/st/stm32cubeide_1.15.0/plugins/com.st.stm32cube.ide.mcu.externaltools.gnu-tools-for-stm32.12.3.rel1.linux64_1.0.100.202403111256/tools/bin/../lib/gcc/arm-none-eabi/12.3.1/thumb/v8-m.main+fp/hard/libgcc.a
LOAD /home/lgt2621/st/stm32cubeide_1.15.0/plugins/com.st.stm32cube.ide.mcu.externaltools.gnu-tools-for-stm32.12.3.rel1.linux64_1.0.100.202403111256/tools/bin/../lib/gcc/arm-none-eabi/12.3.1/../../../../arm-none-eabi/lib/thumb/v8-m.main+fp/hard/libc_nano.a
END GROUP
START GROUP
LOAD /home/lgt2621/st/stm32cubeide_1.15.0/plugins/com.st.stm32cube.ide.mcu.externaltools.gnu-tools-for-stm32.12.3.rel1.linux64_1.0.100.202403111256/tools/bin/../lib/gcc/arm-none-eabi/12.3.1/thumb/v8-m.main+fp/hard/libgcc.a
LOAD /home/lgt2621/st/stm32cubeide_1.15.0/plugins/com.st.stm32cube.ide.mcu.externaltools.gnu-tools-for-stm32.12.3.rel1.linux64_1.0.100.202403111256/tools/bin/../lib/gcc/arm-none-eabi/12.3.1/../../../../arm-none-eabi/lib/thumb/v8-m.main+fp/hard/libc_nano.a
LOAD /home/lgt2621/st/stm32cubeide_1.15.0/plugins/com.st.stm32cube.ide.mcu.externaltools.gnu-tools-for-stm32.12.3.rel1.linux64_1.0.100.202403111256/tools/bin/../lib/gcc/arm-none-eabi/12.3.1/../../../../arm-none-eabi/lib/thumb/v8-m.main+fp/hard/libnosys.a
END GROUP
START GROUP
LOAD /home/lgt2621/st/stm32cubeide_1.15.0/plugins/com.st.stm32cube.ide.mcu.externaltools.gnu-tools-for-stm32.12.3.rel1.linux64_1.0.100.202403111256/tools/bin/../lib/gcc/arm-none-eabi/12.3.1/thumb/v8-m.main+fp/hard/libgcc.a
LOAD /home/lgt2621/st/stm32cubeide_1.15.0/plugins/com.st.stm32cube.ide.mcu.externaltools.gnu-tools-for-stm32.12.3.rel1.linux64_1.0.100.202403111256/tools/bin/../lib/gcc/arm-none-eabi/12.3.1/../../../../arm-none-eabi/lib/thumb/v8-m.main+fp/hard/libc_nano.a
LOAD /home/lgt2621/st/stm32cubeide_1.15.0/plugins/com.st.stm32cube.ide.mcu.externaltools.gnu-tools-for-stm32.12.3.rel1.linux64_1.0.100.202403111256/tools/bin/../lib/gcc/arm-none-eabi/12.3.1/../../../../arm-none-eabi/lib/thumb/v8-m.main+fp/hard/libnosys.a
END GROUP
LOAD /home/lgt2621/st/stm32cubeide_1.15.0/plugins/com.st.stm32cube.ide.mcu.externaltools.gnu-tools-for-stm32.12.3.rel1.linux64_1.0.100.202403111256/tools/bin/../lib/gcc/arm-none-eabi/12.3.1/thumb/v8-m.main+fp/hard/crtend.o
LOAD /home/lgt2621/st/stm32cubeide_1.15.0/plugins/com.st.stm32cube.ide.mcu.externaltools.gnu-tools-for-stm32.12.3.rel1.linux64_1.0.100.202403111256/tools/bin/../lib/gcc/arm-none-eabi/12.3.1/thumb/v8-m.main+fp/hard/crtn.o
                0x20040000                        _estack = (ORIGIN (RAM) + LENGTH (RAM))
                0x00000200                        _Min_Heap_Size = 0x200
                0x00000400                        _Min_Stack_Size = 0x400

.isr_vector     0x08040000      0x1f4
                0x08040000                        . = ALIGN (0x4)
 *(.isr_vector)
 .isr_vector    0x08040000      0x1f4 ./Core/Startup/startup_stm32l552zetxq.o
                0x08040000                g_pfnVectors
                0x080401f4                        . = ALIGN (0x4)

.text           0x080401f8      0xe78
                0x080401f8                        . = ALIGN (0x4)
 *(.text)
 .text          0x080401f8       0x40 /home/lgt2621/st/stm32cubeide_1.15.0/plugins/com.st.stm32cube.ide.mcu.externaltools.gnu-tools-for-stm32.12.3.rel1.linux64_1.0.100.202403111256/tools/bin/../lib/gcc/arm-none-eabi/12.3.1/thumb/v8-m.main+fp/hard/crtbegin.o
 *(.text*)
 .text.limit_xy
                0x08040238       0x42 ./Core/Src/application.o
                0x08040238                limit_xy
 .text.mouseBegin
                0x0804027a        0xc ./Core/Src/application.o
                0x0804027a                mouseBegin
 .text.mouseEnd
                0x08040286        0xc ./Core/Src/application.o
                0x08040286                mouseEnd
 *fill*         0x08040292        0x2 
 .text.mouseMove
                0x08040294       0x4c ./Core/Src/application.o
                0x08040294                mouseMove
 .text.mouseButtons
                0x080402e0       0x44 ./Core/Src/application.o
                0x080402e0                mouseButtons
 .text.mousePress
                0x08040324       0x34 ./Core/Src/application.o
                0x08040324                mousePress
 .text.mouseRelease
                0x08040358       0x3c ./Core/Src/application.o
                0x08040358                mouseRelease
 .text.mouseIsPressed
                0x08040394       0x38 ./Core/Src/application.o
                0x08040394                mouseIsPressed
 .text.analogRead
                0x080403cc       0x64 ./Core/Src/application.o
                0x080403cc                analogRead
 .text.map      0x08040430       0x3a ./Core/Src/application.o
                0x08040430                map
 *fill*         0x0804046a        0x2 
 .text.handleMouse
                0x0804046c       0xac ./Core/Src/application.o
                0x0804046c                handleMouse
 .text.digitalRead
                0x08040518       0x28 ./Core/Src/application.o
                0x08040518                digitalRead
 .text.readMouseButton
                0x08040540       0x8c ./Core/Src/application.o
                0x08040540                readMouseButton
 .text.application
                0x080405cc      0x184 ./Core/Src/application.o
                0x080405cc                application
 .text.MX_GPIO_Init
                0x08040750       0xe8 ./Core/Src/gpio.o
                0x08040750                MX_GPIO_Init
 .text.SecureFault_Callback
                0x08040838       0x1c ./Core/Src/main.o
                0x08040838                SecureFault_Callback
 .text.SecureError_Callback
                0x08040854       0x1c ./Core/Src/main.o
                0x08040854                SecureError_Callback
 .text.main     0x08040870       0x38 ./Core/Src/main.o
                0x08040870                main
 .text.Error_Handler
                0x080408a8        0xc ./Core/Src/main.o
                0x080408a8                Error_Handler
 .text.HAL_MspInit
                0x080408b4       0x48 ./Core/Src/stm32l5xx_hal_msp.o
                0x080408b4                HAL_MspInit
 .text.MemManage_Handler
                0x080408fc        0x8 ./Core/Src/stm32l5xx_it.o
                0x080408fc                MemManage_Handler
 .text.UsageFault_Handler
                0x08040904        0x8 ./Core/Src/stm32l5xx_it.o
                0x08040904                UsageFault_Handler
 .text.SVC_Handler
                0x0804090c        0xe ./Core/Src/stm32l5xx_it.o
                0x0804090c                SVC_Handler
 .text.PendSV_Handler
                0x0804091a        0xe ./Core/Src/stm32l5xx_it.o
                0x0804091a                PendSV_Handler
 .text.SysTick_Handler
                0x08040928        0xc ./Core/Src/stm32l5xx_it.o
                0x08040928                SysTick_Handler
 .text.SystemInit
                0x08040934        0xe ./Core/Src/system_stm32l5xx_ns.o
                0x08040934                SystemInit
 *fill*         0x08040942        0x2 
 .text.SystemCoreClockUpdate
                0x08040944       0x18 ./Core/Src/system_stm32l5xx_ns.o
                0x08040944                SystemCoreClockUpdate
 .text.Reset_Handler
                0x0804095c       0x50 ./Core/Startup/startup_stm32l552zetxq.o
                0x0804095c                Reset_Handler
 .text.Default_Handler
                0x080409ac        0x2 ./Core/Startup/startup_stm32l552zetxq.o
                0x080409ac                EXTI2_IRQHandler
                0x080409ac                TIM8_TRG_COM_IRQHandler
                0x080409ac                TIM8_CC_IRQHandler
                0x080409ac                EXTI5_IRQHandler
                0x080409ac                DebugMon_Handler
                0x080409ac                FLASH_S_IRQHandler
                0x080409ac                EXTI13_IRQHandler
                0x080409ac                TIM1_CC_IRQHandler
                0x080409ac                TSC_IRQHandler
                0x080409ac                HardFault_Handler
                0x080409ac                TAMP_IRQHandler
                0x080409ac                TIM6_IRQHandler
                0x080409ac                EXTI12_IRQHandler
                0x080409ac                DMA2_Channel8_IRQHandler
                0x080409ac                NMI_Handler
                0x080409ac                EXTI3_IRQHandler
                0x080409ac                EXTI8_IRQHandler
                0x080409ac                LPTIM2_IRQHandler
                0x080409ac                DFSDM1_FLT1_IRQHandler
                0x080409ac                USB_FS_IRQHandler
                0x080409ac                I2C3_ER_IRQHandler
                0x080409ac                DFSDM1_FLT2_IRQHandler
                0x080409ac                DMAMUX1_IRQHandler
                0x080409ac                LPTIM3_IRQHandler
                0x080409ac                EXTI0_IRQHandler
                0x080409ac                I2C2_EV_IRQHandler
                0x080409ac                FPU_IRQHandler
                0x080409ac                FDCAN1_IT1_IRQHandler
                0x080409ac                ADC1_2_IRQHandler
                0x080409ac                SPI1_IRQHandler
                0x080409ac                OCTOSPI1_IRQHandler
                0x080409ac                TIM8_UP_IRQHandler
                0x080409ac                RCC_S_IRQHandler
                0x080409ac                DMA2_Channel2_IRQHandler
                0x080409ac                DMA1_Channel4_IRQHandler
                0x080409ac                SAI2_IRQHandler
                0x080409ac                DFSDM1_FLT3_IRQHandler
                0x080409ac                EXTI15_IRQHandler
                0x080409ac                TIM17_IRQHandler
                0x080409ac                USART3_IRQHandler
                0x080409ac                RTC_IRQHandler
                0x080409ac                EXTI9_IRQHandler
                0x080409ac                DMA1_Channel7_IRQHandler
                0x080409ac                UART5_IRQHandler
                0x080409ac                TIM4_IRQHandler
                0x080409ac                DMA2_Channel1_IRQHandler
                0x080409ac                I2C1_EV_IRQHandler
                0x080409ac                DMA1_Channel6_IRQHandler
                0x080409ac                TIM16_IRQHandler
                0x080409ac                UART4_IRQHandler
                0x080409ac                DMA2_Channel4_IRQHandler
                0x080409ac                SecureFault_Handler
                0x080409ac                TIM3_IRQHandler
                0x080409ac                RCC_IRQHandler
                0x080409ac                TIM1_TRG_COM_IRQHandler
                0x080409ac                DMA1_Channel1_IRQHandler
                0x080409ac                Default_Handler
                0x080409ac                DMA2_Channel7_IRQHandler
                0x080409ac                DMA1_Channel8_IRQHandler
                0x080409ac                TIM7_IRQHandler
                0x080409ac                SDMMC1_IRQHandler
                0x080409ac                TIM5_IRQHandler
                0x080409ac                UCPD1_IRQHandler
                0x080409ac                TIM15_IRQHandler
                0x080409ac                I2C3_EV_IRQHandler
                0x080409ac                PVD_PVM_IRQHandler
                0x080409ac                SPI2_IRQHandler
                0x080409ac                EXTI14_IRQHandler
                0x080409ac                EXTI11_IRQHandler
                0x080409ac                DMA2_Channel5_IRQHandler
                0x080409ac                CRS_IRQHandler
                0x080409ac                DMA1_Channel5_IRQHandler
                0x080409ac                EXTI4_IRQHandler
                0x080409ac                RTC_S_IRQHandler
                0x080409ac                RNG_IRQHandler
                0x080409ac                DMAMUX1_S_IRQHandler
                0x080409ac                DMA1_Channel3_IRQHandler
                0x080409ac                COMP_IRQHandler
                0x080409ac                TIM1_UP_IRQHandler
                0x080409ac                WWDG_IRQHandler
                0x080409ac                I2C4_EV_IRQHandler
                0x080409ac                LPUART1_IRQHandler
                0x080409ac                DMA2_Channel6_IRQHandler
                0x080409ac                FDCAN1_IT0_IRQHandler
                0x080409ac                TIM2_IRQHandler
                0x080409ac                TAMP_S_IRQHandler
                0x080409ac                EXTI7_IRQHandler
                0x080409ac                TIM1_BRK_IRQHandler
                0x080409ac                DAC_IRQHandler
                0x080409ac                EXTI1_IRQHandler
                0x080409ac                GTZC_IRQHandler
                0x080409ac                USART2_IRQHandler
                0x080409ac                DFSDM1_FLT0_IRQHandler
                0x080409ac                I2C2_ER_IRQHandler
                0x080409ac                DMA1_Channel2_IRQHandler
                0x080409ac                TIM8_BRK_IRQHandler
                0x080409ac                FLASH_IRQHandler
                0x080409ac                BusFault_Handler
                0x080409ac                USART1_IRQHandler
                0x080409ac                EXTI10_IRQHandler
                0x080409ac                SPI3_IRQHandler
                0x080409ac                I2C1_ER_IRQHandler
                0x080409ac                FMC_IRQHandler
                0x080409ac                EXTI6_IRQHandler
                0x080409ac                LPTIM1_IRQHandler
                0x080409ac                I2C4_ER_IRQHandler
                0x080409ac                ICACHE_IRQHandler
                0x080409ac                SAI1_IRQHandler
                0x080409ac                HASH_IRQHandler
                0x080409ac                DMA2_Channel3_IRQHandler
 .text.HAL_Init
                0x080409ae       0x34 ./Drivers/STM32L5xx_HAL_Driver/stm32l5xx_hal.o
                0x080409ae                HAL_Init
 *fill*         0x080409e2        0x2 
 .text.HAL_InitTick
                0x080409e4       0x78 ./Drivers/STM32L5xx_HAL_Driver/stm32l5xx_hal.o
                0x080409e4                HAL_InitTick
 .text.HAL_IncTick
                0x08040a5c       0x28 ./Drivers/STM32L5xx_HAL_Driver/stm32l5xx_hal.o
                0x08040a5c                HAL_IncTick
 .text.HAL_GetTick
                0x08040a84       0x18 ./Drivers/STM32L5xx_HAL_Driver/stm32l5xx_hal.o
                0x08040a84                HAL_GetTick
 .text.HAL_Delay
                0x08040a9c       0x48 ./Drivers/STM32L5xx_HAL_Driver/stm32l5xx_hal.o
                0x08040a9c                HAL_Delay
 .text.__NVIC_SetPriorityGrouping
                0x08040ae4       0x48 ./Drivers/STM32L5xx_HAL_Driver/stm32l5xx_hal_cortex.o
 .text.__NVIC_GetPriorityGrouping
                0x08040b2c       0x1c ./Drivers/STM32L5xx_HAL_Driver/stm32l5xx_hal_cortex.o
 .text.__NVIC_SetPriority
                0x08040b48       0x54 ./Drivers/STM32L5xx_HAL_Driver/stm32l5xx_hal_cortex.o
 .text.NVIC_EncodePriority
                0x08040b9c       0x66 ./Drivers/STM32L5xx_HAL_Driver/stm32l5xx_hal_cortex.o
 *fill*         0x08040c02        0x2 
 .text.SysTick_Config
                0x08040c04       0x44 ./Drivers/STM32L5xx_HAL_Driver/stm32l5xx_hal_cortex.o
 .text.HAL_NVIC_SetPriorityGrouping
                0x08040c48       0x16 ./Drivers/STM32L5xx_HAL_Driver/stm32l5xx_hal_cortex.o
                0x08040c48                HAL_NVIC_SetPriorityGrouping
 .text.HAL_NVIC_SetPriority
                0x08040c5e       0x34 ./Drivers/STM32L5xx_HAL_Driver/stm32l5xx_hal_cortex.o
                0x08040c5e                HAL_NVIC_SetPriority
 .text.HAL_SYSTICK_Config
                0x08040c92       0x18 ./Drivers/STM32L5xx_HAL_Driver/stm32l5xx_hal_cortex.o
                0x08040c92                HAL_SYSTICK_Config
 *fill*         0x08040caa        0x2 
 .text.HAL_GPIO_Init
                0x08040cac      0x300 ./Drivers/STM32L5xx_HAL_Driver/stm32l5xx_hal_gpio.o
                0x08040cac                HAL_GPIO_Init
 .text.HAL_GPIO_WritePin
                0x08040fac       0x30 ./Drivers/STM32L5xx_HAL_Driver/stm32l5xx_hal_gpio.o
                0x08040fac                HAL_GPIO_WritePin
 .text.__libc_init_array
                0x08040fdc       0x48 /home/lgt2621/st/stm32cubeide_1.15.0/plugins/com.st.stm32cube.ide.mcu.externaltools.gnu-tools-for-stm32.12.3.rel1.linux64_1.0.100.202403111256/tools/bin/../lib/gcc/arm-none-eabi/12.3.1/../../../../arm-none-eabi/lib/thumb/v8-m.main+fp/hard/libc_nano.a(libc_a-init.o)
                0x08040fdc                __libc_init_array
 *(.glue_7)
 .glue_7        0x08041024        0x0 linker stubs
 *(.glue_7t)
 .glue_7t       0x08041024        0x0 linker stubs
 *(.eh_frame)
 .eh_frame      0x08041024        0x0 /home/lgt2621/st/stm32cubeide_1.15.0/plugins/com.st.stm32cube.ide.mcu.externaltools.gnu-tools-for-stm32.12.3.rel1.linux64_1.0.100.202403111256/tools/bin/../lib/gcc/arm-none-eabi/12.3.1/thumb/v8-m.main+fp/hard/crtbegin.o
 *(.init)
 .init          0x08041024        0x4 /home/lgt2621/st/stm32cubeide_1.15.0/plugins/com.st.stm32cube.ide.mcu.externaltools.gnu-tools-for-stm32.12.3.rel1.linux64_1.0.100.202403111256/tools/bin/../lib/gcc/arm-none-eabi/12.3.1/thumb/v8-m.main+fp/hard/crti.o
                0x08041024                _init
 .init          0x08041028        0x8 /home/lgt2621/st/stm32cubeide_1.15.0/plugins/com.st.stm32cube.ide.mcu.externaltools.gnu-tools-for-stm32.12.3.rel1.linux64_1.0.100.202403111256/tools/bin/../lib/gcc/arm-none-eabi/12.3.1/thumb/v8-m.main+fp/hard/crtn.o
 *(.fini)
 .fini          0x08041030        0x4 /home/lgt2621/st/stm32cubeide_1.15.0/plugins/com.st.stm32cube.ide.mcu.externaltools.gnu-tools-for-stm32.12.3.rel1.linux64_1.0.100.202403111256/tools/bin/../lib/gcc/arm-none-eabi/12.3.1/thumb/v8-m.main+fp/hard/crti.o
                0x08041030                _fini
 .fini          0x08041034        0x8 /home/lgt2621/st/stm32cubeide_1.15.0/plugins/com.st.stm32cube.ide.mcu.externaltools.gnu-tools-for-stm32.12.3.rel1.linux64_1.0.100.202403111256/tools/bin/../lib/gcc/arm-none-eabi/12.3.1/thumb/v8-m.main+fp/hard/crtn.o
 *fill*         0x0804103c        0x4 
 .fini.__stub   0x08041040       0x30 linker stubs
                0x08041070                        . = ALIGN (0x4)
                0x08041070                        _etext = .

.vfp11_veneer   0x08041070        0x0
 .vfp11_veneer  0x08041070        0x0 linker stubs

.v4_bx          0x08041070        0x0
 .v4_bx         0x08041070        0x0 linker stubs

.iplt           0x08041070        0x0
 .iplt          0x08041070        0x0 /home/lgt2621/st/stm32cubeide_1.15.0/plugins/com.st.stm32cube.ide.mcu.externaltools.gnu-tools-for-stm32.12.3.rel1.linux64_1.0.100.202403111256/tools/bin/../lib/gcc/arm-none-eabi/12.3.1/thumb/v8-m.main+fp/hard/crtbegin.o

.rel.dyn        0x08041070        0x0
 .rel.iplt      0x08041070        0x0 /home/lgt2621/st/stm32cubeide_1.15.0/plugins/com.st.stm32cube.ide.mcu.externaltools.gnu-tools-for-stm32.12.3.rel1.linux64_1.0.100.202403111256/tools/bin/../lib/gcc/arm-none-eabi/12.3.1/thumb/v8-m.main+fp/hard/crtbegin.o

.rodata         0x08041070        0x0
                0x08041070                        . = ALIGN (0x4)
 *(.rodata)
 *(.rodata*)
                0x08041070                        . = ALIGN (0x4)

.ARM.extab      0x08041070        0x0
                0x08041070                        . = ALIGN (0x4)
 *(.ARM.extab* .gnu.linkonce.armextab.*)
                0x08041070                        . = ALIGN (0x4)

.ARM            0x08041070        0x0
                0x08041070                        . = ALIGN (0x4)
                0x08041070                        __exidx_start = .
 *(.ARM.exidx*)
                0x08041070                        __exidx_end = .
                0x08041070                        . = ALIGN (0x4)

.preinit_array  0x08041070        0x0
                0x08041070                        . = ALIGN (0x4)
                0x08041070                        PROVIDE (__preinit_array_start = .)
 *(.preinit_array*)
                0x08041070                        PROVIDE (__preinit_array_end = .)
                0x08041070                        . = ALIGN (0x4)

.init_array     0x08041070        0x4
                0x08041070                        . = ALIGN (0x4)
                0x08041070                        PROVIDE (__init_array_start = .)
 *(SORT_BY_NAME(.init_array.*))
 *(.init_array*)
 .init_array    0x08041070        0x4 /home/lgt2621/st/stm32cubeide_1.15.0/plugins/com.st.stm32cube.ide.mcu.externaltools.gnu-tools-for-stm32.12.3.rel1.linux64_1.0.100.202403111256/tools/bin/../lib/gcc/arm-none-eabi/12.3.1/thumb/v8-m.main+fp/hard/crtbegin.o
                0x08041074                        PROVIDE (__init_array_end = .)
                0x08041074                        . = ALIGN (0x4)

.fini_array     0x08041074        0x4
                0x08041074                        . = ALIGN (0x4)
                [!provide]                        PROVIDE (__fini_array_start = .)
 *(SORT_BY_NAME(.fini_array.*))
 *(.fini_array*)
 .fini_array    0x08041074        0x4 /home/lgt2621/st/stm32cubeide_1.15.0/plugins/com.st.stm32cube.ide.mcu.externaltools.gnu-tools-for-stm32.12.3.rel1.linux64_1.0.100.202403111256/tools/bin/../lib/gcc/arm-none-eabi/12.3.1/thumb/v8-m.main+fp/hard/crtbegin.o
                [!provide]                        PROVIDE (__fini_array_end = .)
                0x08041078                        . = ALIGN (0x4)
                0x08041078                        _sidata = LOADADDR (.data)

.data           0x20018000      0x330 load address 0x08041078
                0x20018000                        . = ALIGN (0x4)
                0x20018000                        _sdata = .
 *(.data)
 *(.data*)
 .data.lastSwitchState
                0x20018000        0x1 ./Core/Src/application.o
                0x20018000                lastSwitchState
 .data.lastMouseRightState
                0x20018001        0x1 ./Core/Src/application.o
                0x20018001                lastMouseRightState
 .data.lastMouseLeftState
                0x20018002        0x1 ./Core/Src/application.o
                0x20018002                lastMouseLeftState
 *fill*         0x20018003        0x1 
 .data.mockReads
                0x20018004      0x320 ./Core/Src/application.o
                0x20018004                mockReads
 .data.SystemCoreClock
                0x20018324        0x4 ./Core/Src/system_stm32l5xx_ns.o
                0x20018324                SystemCoreClock
 .data.uwTickPrio
                0x20018328        0x4 ./Drivers/STM32L5xx_HAL_Driver/stm32l5xx_hal.o
                0x20018328                uwTickPrio
 .data.uwTickFreq
                0x2001832c        0x1 ./Drivers/STM32L5xx_HAL_Driver/stm32l5xx_hal.o
                0x2001832c                uwTickFreq
 *(.RamFunc)
 *(.RamFunc*)
                0x20018330                        . = ALIGN (0x4)
 *fill*         0x2001832d        0x3 
                0x20018330                        _edata = .

.igot.plt       0x20018330        0x0 load address 0x080413a8
 .igot.plt      0x20018330        0x0 /home/lgt2621/st/stm32cubeide_1.15.0/plugins/com.st.stm32cube.ide.mcu.externaltools.gnu-tools-for-stm32.12.3.rel1.linux64_1.0.100.202403111256/tools/bin/../lib/gcc/arm-none-eabi/12.3.1/thumb/v8-m.main+fp/hard/crtbegin.o
                0x20018330                        . = ALIGN (0x4)

.bss            0x20018330       0x2c load address 0x080413a8
                0x20018330                        _sbss = .
                0x20018330                        __bss_start__ = _sbss
 *(.bss)
 .bss           0x20018330       0x1c /home/lgt2621/st/stm32cubeide_1.15.0/plugins/com.st.stm32cube.ide.mcu.externaltools.gnu-tools-for-stm32.12.3.rel1.linux64_1.0.100.202403111256/tools/bin/../lib/gcc/arm-none-eabi/12.3.1/thumb/v8-m.main+fp/hard/crtbegin.o
 *(.bss*)
 .bss.mouseActive
                0x2001834c        0x1 ./Core/Src/application.o
                0x2001834c                mouseActive
 *fill*         0x2001834d        0x3 
 .bss.indx      0x20018350        0x4 ./Core/Src/application.o
                0x20018350                indx
 .bss.uwTick    0x20018354        0x4 ./Drivers/STM32L5xx_HAL_Driver/stm32l5xx_hal.o
                0x20018354                uwTick
 *(COMMON)
 COMMON         0x20018358        0x1 ./Core/Src/application.o
                0x20018358                _buttons
                0x2001835c                        . = ALIGN (0x4)
 *fill*         0x20018359        0x3 
                0x2001835c                        _ebss = .
                0x2001835c                        __bss_end__ = _ebss

._user_heap_stack
                0x2001835c      0x604 load address 0x080413a8
                0x20018360                        . = ALIGN (0x8)
 *fill*         0x2001835c        0x4 
                [!provide]                        PROVIDE (end = .)
                0x20018360                        PROVIDE (_end = .)
                0x20018560                        . = (. + _Min_Heap_Size)
 *fill*         0x20018360      0x200 
                0x20018960                        . = (. + _Min_Stack_Size)
 *fill*         0x20018560      0x400 
                0x20018960                        . = ALIGN (0x8)

/DISCARD/
 libc.a(*)
 libm.a(*)
 libgcc.a(*)

.ARM.attributes
                0x00000000       0x36
 *(.ARM.attributes)
 .ARM.attributes
                0x00000000       0x26 /home/lgt2621/st/stm32cubeide_1.15.0/plugins/com.st.stm32cube.ide.mcu.externaltools.gnu-tools-for-stm32.12.3.rel1.linux64_1.0.100.202403111256/tools/bin/../lib/gcc/arm-none-eabi/12.3.1/thumb/v8-m.main+fp/hard/crti.o
 .ARM.attributes
                0x00000026       0x38 /home/lgt2621/st/stm32cubeide_1.15.0/plugins/com.st.stm32cube.ide.mcu.externaltools.gnu-tools-for-stm32.12.3.rel1.linux64_1.0.100.202403111256/tools/bin/../lib/gcc/arm-none-eabi/12.3.1/thumb/v8-m.main+fp/hard/crtbegin.o
 .ARM.attributes
                0x0000005e       0x3a ./Core/Src/application.o
 .ARM.attributes
                0x00000098       0x3a ./Core/Src/gpio.o
 .ARM.attributes
                0x000000d2       0x3a ./Core/Src/main.o
 .ARM.attributes
                0x0000010c       0x3a ./Core/Src/stm32l5xx_hal_msp.o
 .ARM.attributes
                0x00000146       0x3a ./Core/Src/stm32l5xx_it.o
 .ARM.attributes
                0x00000180       0x3a ./Core/Src/system_stm32l5xx_ns.o
 .ARM.attributes
                0x000001ba       0x24 ./Core/Startup/startup_stm32l552zetxq.o
 .ARM.attributes
                0x000001de       0x3a ./Drivers/STM32L5xx_HAL_Driver/stm32l5xx_hal.o
 .ARM.attributes
                0x00000218       0x3a ./Drivers/STM32L5xx_HAL_Driver/stm32l5xx_hal_cortex.o
 .ARM.attributes
                0x00000252       0x3a ./Drivers/STM32L5xx_HAL_Driver/stm32l5xx_hal_gpio.o
 .ARM.attributes
                0x0000028c       0x38 /home/lgt2621/st/stm32cubeide_1.15.0/plugins/com.st.stm32cube.ide.mcu.externaltools.gnu-tools-for-stm32.12.3.rel1.linux64_1.0.100.202403111256/tools/bin/../lib/gcc/arm-none-eabi/12.3.1/../../../../arm-none-eabi/lib/thumb/v8-m.main+fp/hard/libc_nano.a(libc_a-init.o)
 .ARM.attributes
                0x000002c4       0x26 /home/lgt2621/st/stm32cubeide_1.15.0/plugins/com.st.stm32cube.ide.mcu.externaltools.gnu-tools-for-stm32.12.3.rel1.linux64_1.0.100.202403111256/tools/bin/../lib/gcc/arm-none-eabi/12.3.1/thumb/v8-m.main+fp/hard/crtn.o
OUTPUT(SpecCFA-TZ_NonSecure.elf elf32-littlearm)
LOAD linker stubs
LOAD /home/lgt2621/st/stm32cubeide_1.15.0/plugins/com.st.stm32cube.ide.mcu.externaltools.gnu-tools-for-stm32.12.3.rel1.linux64_1.0.100.202403111256/tools/bin/../lib/gcc/arm-none-eabi/12.3.1/../../../../arm-none-eabi/lib/thumb/v8-m.main+fp/hard/libc.a
LOAD /home/lgt2621/st/stm32cubeide_1.15.0/plugins/com.st.stm32cube.ide.mcu.externaltools.gnu-tools-for-stm32.12.3.rel1.linux64_1.0.100.202403111256/tools/bin/../lib/gcc/arm-none-eabi/12.3.1/../../../../arm-none-eabi/lib/thumb/v8-m.main+fp/hard/libm.a
LOAD /home/lgt2621/st/stm32cubeide_1.15.0/plugins/com.st.stm32cube.ide.mcu.externaltools.gnu-tools-for-stm32.12.3.rel1.linux64_1.0.100.202403111256/tools/bin/../lib/gcc/arm-none-eabi/12.3.1/thumb/v8-m.main+fp/hard/libgcc.a

.comment        0x00000000       0x9c
 .comment       0x00000000       0x59 ./Core/Src/application.o
                                 0x5a (size before relaxing)
 .comment       0x00000059       0x43 ./Core/Src/gpio.o
                                 0x44 (size before relaxing)
 .comment       0x0000009c       0x44 ./Core/Src/main.o
 .comment       0x0000009c       0x44 ./Core/Src/stm32l5xx_hal_msp.o
 .comment       0x0000009c       0x44 ./Core/Src/stm32l5xx_it.o
 .comment       0x0000009c       0x44 ./Core/Src/system_stm32l5xx_ns.o
 .comment       0x0000009c       0x44 ./Drivers/STM32L5xx_HAL_Driver/stm32l5xx_hal.o
 .comment       0x0000009c       0x44 ./Drivers/STM32L5xx_HAL_Driver/stm32l5xx_hal_cortex.o
 .comment       0x0000009c       0x44 ./Drivers/STM32L5xx_HAL_Driver/stm32l5xx_hal_gpio.o

.debug_line     0x00000000     0x4c01
 .debug_line    0x00000000      0x32c ./Core/Src/application.o
 .debug_line    0x0000032c      0x71e ./Core/Src/gpio.o
 .debug_line    0x00000a4a      0x8d7 ./Core/Src/main.o
 .debug_line    0x00001321      0x6ea ./Core/Src/stm32l5xx_hal_msp.o
 .debug_line    0x00001a0b      0x74f ./Core/Src/stm32l5xx_it.o
 .debug_line    0x0000215a      0x6d6 ./Core/Src/system_stm32l5xx_ns.o
 .debug_line    0x00002830       0x79 ./Core/Startup/startup_stm32l552zetxq.o
 .debug_line    0x000028a9      0xb03 ./Drivers/STM32L5xx_HAL_Driver/stm32l5xx_hal.o
 .debug_line    0x000033ac      0xcf3 ./Drivers/STM32L5xx_HAL_Driver/stm32l5xx_hal_cortex.o
 .debug_line    0x0000409f      0xb62 ./Drivers/STM32L5xx_HAL_Driver/stm32l5xx_hal_gpio.o

.debug_line_str
                0x00000000       0x82
 .debug_line_str
                0x00000000       0x59 ./Core/Src/application.o
 .debug_line_str
                0x00000059       0x29 ./Core/Startup/startup_stm32l552zetxq.o
                                 0x68 (size before relaxing)

.debug_info     0x00000000     0x325a
 .debug_info    0x00000000       0xdc ./Core/Src/application.o
 .debug_info    0x000000dc      0x529 ./Core/Src/gpio.o
 .debug_info    0x00000605      0x2f7 ./Core/Src/main.o
 .debug_info    0x000008fc      0x380 ./Core/Src/stm32l5xx_hal_msp.o
 .debug_info    0x00000c7c       0xda ./Core/Src/stm32l5xx_it.o
 .debug_info    0x00000d56      0x181 ./Core/Src/system_stm32l5xx_ns.o
 .debug_info    0x00000ed7       0x30 ./Core/Startup/startup_stm32l552zetxq.o
 .debug_info    0x00000f07      0xcf8 ./Drivers/STM32L5xx_HAL_Driver/stm32l5xx_hal.o
 .debug_info    0x00001bff     0x1087 ./Drivers/STM32L5xx_HAL_Driver/stm32l5xx_hal_cortex.o
 .debug_info    0x00002c86      0x5d4 ./Drivers/STM32L5xx_HAL_Driver/stm32l5xx_hal_gpio.o

.debug_abbrev   0x00000000      0xd7a
 .debug_abbrev  0x00000000       0x26 ./Core/Src/application.o
 .debug_abbrev  0x00000026      0x16e ./Core/Src/gpio.o
 .debug_abbrev  0x00000194      0x1d9 ./Core/Src/main.o
 .debug_abbrev  0x0000036d       0xe9 ./Core/Src/stm32l5xx_hal_msp.o
 .debug_abbrev  0x00000456       0x73 ./Core/Src/stm32l5xx_it.o
 .debug_abbrev  0x000004c9       0xbf ./Core/Src/system_stm32l5xx_ns.o
 .debug_abbrev  0x00000588       0x24 ./Core/Startup/startup_stm32l552zetxq.o
 .debug_abbrev  0x000005ac      0x2e0 ./Drivers/STM32L5xx_HAL_Driver/stm32l5xx_hal.o
 .debug_abbrev  0x0000088c      0x32c ./Drivers/STM32L5xx_HAL_Driver/stm32l5xx_hal_cortex.o
 .debug_abbrev  0x00000bb8      0x1c2 ./Drivers/STM32L5xx_HAL_Driver/stm32l5xx_hal_gpio.o

.debug_aranges  0x00000000      0x460
 .debug_aranges
                0x00000000       0x90 ./Core/Src/application.o
 .debug_aranges
                0x00000090       0x20 ./Core/Src/gpio.o
 .debug_aranges
                0x000000b0       0x40 ./Core/Src/main.o
 .debug_aranges
                0x000000f0       0x20 ./Core/Src/stm32l5xx_hal_msp.o
 .debug_aranges
                0x00000110       0x40 ./Core/Src/stm32l5xx_it.o
 .debug_aranges
                0x00000150       0x28 ./Core/Src/system_stm32l5xx_ns.o
 .debug_aranges
                0x00000178       0x28 ./Core/Startup/startup_stm32l552zetxq.o
 .debug_aranges
                0x000001a0      0x130 ./Drivers/STM32L5xx_HAL_Driver/stm32l5xx_hal.o
 .debug_aranges
                0x000002d0      0x130 ./Drivers/STM32L5xx_HAL_Driver/stm32l5xx_hal_cortex.o
 .debug_aranges
                0x00000400       0x60 ./Drivers/STM32L5xx_HAL_Driver/stm32l5xx_hal_gpio.o

.debug_str      0x00000000    0xf532e
 .debug_str     0x00000000      0x110 ./Core/Src/application.o
 .debug_str     0x00000110    0xf0a41 ./Core/Src/gpio.o
                              0xf0d57 (size before relaxing)
 .debug_str     0x000f0b51     0x3320 ./Core/Src/main.o
                              0xf3e69 (size before relaxing)
 .debug_str     0x000f3e71       0x2c ./Core/Src/stm32l5xx_hal_msp.o
                              0xf0c79 (size before relaxing)
 .debug_str     0x000f3e9d       0x89 ./Core/Src/stm32l5xx_it.o
                              0xf0af9 (size before relaxing)
 .debug_str     0x000f3f26       0x8e ./Core/Src/system_stm32l5xx_ns.o
                              0xf0a53 (size before relaxing)
 .debug_str     0x000f3fb4       0x37 ./Core/Startup/startup_stm32l552zetxq.o
                                 0x84 (size before relaxing)
 .debug_str     0x000f3feb      0xbd1 ./Drivers/STM32L5xx_HAL_Driver/stm32l5xx_hal.o
                              0xf18a5 (size before relaxing)
 .debug_str     0x000f4bbc      0x4e6 ./Drivers/STM32L5xx_HAL_Driver/stm32l5xx_hal_cortex.o
                              0xf16ac (size before relaxing)
 .debug_str     0x000f50a2      0x28c ./Drivers/STM32L5xx_HAL_Driver/stm32l5xx_hal_gpio.o
                              0xf0d72 (size before relaxing)

.debug_rnglists
                0x00000000      0x31c
 .debug_rnglists
                0x00000000       0x6a ./Core/Src/application.o
 .debug_rnglists
                0x0000006a       0x14 ./Core/Src/gpio.o
 .debug_rnglists
                0x0000007e       0x2b ./Core/Src/main.o
 .debug_rnglists
                0x000000a9       0x13 ./Core/Src/stm32l5xx_hal_msp.o
 .debug_rnglists
                0x000000bc       0x2b ./Core/Src/stm32l5xx_it.o
 .debug_rnglists
                0x000000e7       0x19 ./Core/Src/system_stm32l5xx_ns.o
 .debug_rnglists
                0x00000100       0x19 ./Core/Startup/startup_stm32l552zetxq.o
 .debug_rnglists
                0x00000119       0xdf ./Drivers/STM32L5xx_HAL_Driver/stm32l5xx_hal.o
 .debug_rnglists
                0x000001f8       0xdf ./Drivers/STM32L5xx_HAL_Driver/stm32l5xx_hal_cortex.o
 .debug_rnglists
                0x000002d7       0x45 ./Drivers/STM32L5xx_HAL_Driver/stm32l5xx_hal_gpio.o

.debug_macro    0x00000000    0x266de
 .debug_macro   0x00000000      0x1f3 ./Core/Src/gpio.o
 .debug_macro   0x000001f3      0xaba ./Core/Src/gpio.o
 .debug_macro   0x00000cad       0x3a ./Core/Src/gpio.o
 .debug_macro   0x00000ce7      0x18a ./Core/Src/gpio.o
 .debug_macro   0x00000e71       0x2e ./Core/Src/gpio.o
 .debug_macro   0x00000e9f       0x42 ./Core/Src/gpio.o
 .debug_macro   0x00000ee1       0x22 ./Core/Src/gpio.o
 .debug_macro   0x00000f03       0x8e ./Core/Src/gpio.o
 .debug_macro   0x00000f91       0x51 ./Core/Src/gpio.o
 .debug_macro   0x00000fe2      0x103 ./Core/Src/gpio.o
 .debug_macro   0x000010e5       0x6a ./Core/Src/gpio.o
 .debug_macro   0x0000114f      0x1df ./Core/Src/gpio.o
 .debug_macro   0x0000132e       0x1c ./Core/Src/gpio.o
 .debug_macro   0x0000134a       0x29 ./Core/Src/gpio.o
 .debug_macro   0x00001373       0xfb ./Core/Src/gpio.o
 .debug_macro   0x0000146e     0x1336 ./Core/Src/gpio.o
 .debug_macro   0x000027a4       0x5e ./Core/Src/gpio.o
 .debug_macro   0x00002802    0x1ac8f ./Core/Src/gpio.o
 .debug_macro   0x0001d491       0x42 ./Core/Src/gpio.o
 .debug_macro   0x0001d4d3     0x34df ./Core/Src/gpio.o
 .debug_macro   0x000209b2      0x189 ./Core/Src/gpio.o
 .debug_macro   0x00020b3b       0x5c ./Core/Src/gpio.o
 .debug_macro   0x00020b97     0x1948 ./Core/Src/gpio.o
 .debug_macro   0x000224df      0xa4b ./Core/Src/gpio.o
 .debug_macro   0x00022f2a      0x153 ./Core/Src/gpio.o
 .debug_macro   0x0002307d      0x1d9 ./Core/Src/gpio.o
 .debug_macro   0x00023256      0x4e1 ./Core/Src/gpio.o
 .debug_macro   0x00023737      0x1ac ./Core/Src/gpio.o
 .debug_macro   0x000238e3       0x4a ./Core/Src/gpio.o
 .debug_macro   0x0002392d      0x1bc ./Core/Src/gpio.o
 .debug_macro   0x00023ae9      0x231 ./Core/Src/gpio.o
 .debug_macro   0x00023d1a      0x3bb ./Core/Src/gpio.o
 .debug_macro   0x000240d5       0x36 ./Core/Src/gpio.o
 .debug_macro   0x0002410b      0x11c ./Core/Src/gpio.o
 .debug_macro   0x00024227      0x22c ./Core/Src/gpio.o
 .debug_macro   0x00024453       0x5b ./Core/Src/gpio.o
 .debug_macro   0x000244ae       0xa5 ./Core/Src/gpio.o
 .debug_macro   0x00024553       0xf3 ./Core/Src/gpio.o
 .debug_macro   0x00024646      0x199 ./Core/Src/gpio.o
 .debug_macro   0x000247df      0x487 ./Core/Src/gpio.o
 .debug_macro   0x00024c66      0x3f1 ./Core/Src/gpio.o
 .debug_macro   0x00025057      0x2ca ./Core/Src/main.o
 .debug_macro   0x00025321       0x58 ./Core/Src/main.o
 .debug_macro   0x00025379       0x61 ./Core/Src/main.o
 .debug_macro   0x000253da       0x2a ./Core/Src/main.o
 .debug_macro   0x00025404       0x43 ./Core/Src/main.o
 .debug_macro   0x00025447       0x34 ./Core/Src/main.o
 .debug_macro   0x0002547b       0x16 ./Core/Src/main.o
 .debug_macro   0x00025491       0x43 ./Core/Src/main.o
 .debug_macro   0x000254d4       0x34 ./Core/Src/main.o
 .debug_macro   0x00025508       0x10 ./Core/Src/main.o
 .debug_macro   0x00025518       0x58 ./Core/Src/main.o
 .debug_macro   0x00025570       0x8e ./Core/Src/main.o
 .debug_macro   0x000255fe       0x1c ./Core/Src/main.o
 .debug_macro   0x0002561a      0x177 ./Core/Src/main.o
 .debug_macro   0x00025791      0x369 ./Core/Src/main.o
 .debug_macro   0x00025afa       0x10 ./Core/Src/main.o
 .debug_macro   0x00025b0a       0x35 ./Core/Src/main.o
 .debug_macro   0x00025b3f       0x20 ./Core/Src/main.o
 .debug_macro   0x00025b5f      0x1e5 ./Core/Src/stm32l5xx_hal_msp.o
 .debug_macro   0x00025d44      0x1ef ./Core/Src/stm32l5xx_it.o
 .debug_macro   0x00025f33      0x1d2 ./Core/Src/system_stm32l5xx_ns.o
 .debug_macro   0x00026105      0x202 ./Drivers/STM32L5xx_HAL_Driver/stm32l5xx_hal.o
 .debug_macro   0x00026307      0x1d2 ./Drivers/STM32L5xx_HAL_Driver/stm32l5xx_hal_cortex.o
 .debug_macro   0x000264d9      0x205 ./Drivers/STM32L5xx_HAL_Driver/stm32l5xx_hal_gpio.o

.debug_frame    0x00000000      0xd3c
 .debug_frame   0x00000000       0x34 ./Core/Src/gpio.o
 .debug_frame   0x00000034       0x9c ./Core/Src/main.o
 .debug_frame   0x000000d0       0x38 ./Core/Src/stm32l5xx_hal_msp.o
 .debug_frame   0x00000108       0x9c ./Core/Src/stm32l5xx_it.o
 .debug_frame   0x000001a4       0x4c ./Core/Src/system_stm32l5xx_ns.o
 .debug_frame   0x000001f0      0x4a4 ./Drivers/STM32L5xx_HAL_Driver/stm32l5xx_hal.o
 .debug_frame   0x00000694      0x508 ./Drivers/STM32L5xx_HAL_Driver/stm32l5xx_hal_cortex.o
 .debug_frame   0x00000b9c      0x174 ./Drivers/STM32L5xx_HAL_Driver/stm32l5xx_hal_gpio.o
 .debug_frame   0x00000d10       0x2c /home/lgt2621/st/stm32cubeide_1.15.0/plugins/com.st.stm32cube.ide.mcu.externaltools.gnu-tools-for-stm32.12.3.rel1.linux64_1.0.100.202403111256/tools/bin/../lib/gcc/arm-none-eabi/12.3.1/../../../../arm-none-eabi/lib/thumb/v8-m.main+fp/hard/libc_nano.a(libc_a-init.o)
