../Core/Src/cfa_engine.c:112:6:_setup_data	16	static
../Core/Src/cfa_engine.c:119:6:_update_challenge	24	static
../Core/Src/cfa_engine.c:125:6:_clean	16	static
../Core/Src/cfa_engine.c:137:6:_run_application	16	static
../Core/Src/cfa_engine.c:147:6:record_output_data	16	static
../Core/Src/cfa_engine.c:165:6:CFA_ENGINE_start	8	static
../Core/Src/cfa_engine.c:174:6:CFA_ENGINE_register_callback	4	static
../Core/Src/cfa_engine.c:183:5:STATE_initialize_attestation	16	static
../Core/Src/cfa_engine.c:206:5:STATE_accept_report	8	static
../Core/Src/cfa_engine.c:215:5:STATE_heal	8	static
../Core/Src/cfa_engine.c:223:5:STATE_continue	8	static
../Core/Src/cfa_engine.c:235:6:translate_command	16	static
../Core/Src/cfa_engine.c:249:6:wait_for_command	32	static
../Core/Src/cfa_engine.c:266:6:_read_serial_loop	16	static
../Core/Src/cfa_engine.c:302:10:_receive_challenge	96	static
../Core/Src/cfa_engine.c:335:6:_receive_request	16	static
../Core/Src/cfa_engine.c:342:6:_send_report_message	24	static
../Core/Src/cfa_engine.c:367:6:_send_report	8	static
../Core/Src/cfa_engine.c:403:6:_attest_memory	8	static
../Core/Src/cfa_engine.c:415:6:_sign_report	24	static
../Core/Src/cfa_engine.c:453:6:CFA_ENGINE_new_log_entry	32	static
../Core/Src/cfa_engine.c:534:6:CFA_ENGINE_run_attestation	8	static
../Core/Src/cfa_engine.c:555:6:CFA_ENGINE_initialize	8	static
../Core/Src/cfa_engine.c:570:6:_software_reset	8	static
../Core/Src/cfa_engine.c:576:6:_heal_function	4	static
